Archive member included to satisfy reference by file (symbol)

c:/temp/__arm_tools/truestudio for stm32 9.1.0/armtools/bin/../lib/gcc/arm-atollic-eabi/6.3.1/../../../../arm-atollic-eabi/lib/armv6-m\libm.a(lib_a-w_pow.o)
                              Src\supportLib\cString.o (pow)
c:/temp/__arm_tools/truestudio for stm32 9.1.0/armtools/bin/../lib/gcc/arm-atollic-eabi/6.3.1/../../../../arm-atollic-eabi/lib/armv6-m\libm.a(lib_a-e_pow.o)
                              c:/temp/__arm_tools/truestudio for stm32 9.1.0/armtools/bin/../lib/gcc/arm-atollic-eabi/6.3.1/../../../../arm-atollic-eabi/lib/armv6-m\libm.a(lib_a-w_pow.o) (__ieee754_pow)
c:/temp/__arm_tools/truestudio for stm32 9.1.0/armtools/bin/../lib/gcc/arm-atollic-eabi/6.3.1/../../../../arm-atollic-eabi/lib/armv6-m\libm.a(lib_a-e_sqrt.o)
                              c:/temp/__arm_tools/truestudio for stm32 9.1.0/armtools/bin/../lib/gcc/arm-atollic-eabi/6.3.1/../../../../arm-atollic-eabi/lib/armv6-m\libm.a(lib_a-e_pow.o) (__ieee754_sqrt)
c:/temp/__arm_tools/truestudio for stm32 9.1.0/armtools/bin/../lib/gcc/arm-atollic-eabi/6.3.1/../../../../arm-atollic-eabi/lib/armv6-m\libm.a(lib_a-s_fabs.o)
                              c:/temp/__arm_tools/truestudio for stm32 9.1.0/armtools/bin/../lib/gcc/arm-atollic-eabi/6.3.1/../../../../arm-atollic-eabi/lib/armv6-m\libm.a(lib_a-e_pow.o) (fabs)
c:/temp/__arm_tools/truestudio for stm32 9.1.0/armtools/bin/../lib/gcc/arm-atollic-eabi/6.3.1/../../../../arm-atollic-eabi/lib/armv6-m\libm.a(lib_a-s_finite.o)
                              c:/temp/__arm_tools/truestudio for stm32 9.1.0/armtools/bin/../lib/gcc/arm-atollic-eabi/6.3.1/../../../../arm-atollic-eabi/lib/armv6-m\libm.a(lib_a-w_pow.o) (finite)
c:/temp/__arm_tools/truestudio for stm32 9.1.0/armtools/bin/../lib/gcc/arm-atollic-eabi/6.3.1/../../../../arm-atollic-eabi/lib/armv6-m\libm.a(lib_a-s_lib_ver.o)
                              c:/temp/__arm_tools/truestudio for stm32 9.1.0/armtools/bin/../lib/gcc/arm-atollic-eabi/6.3.1/../../../../arm-atollic-eabi/lib/armv6-m\libm.a(lib_a-w_pow.o) (__fdlib_version)
c:/temp/__arm_tools/truestudio for stm32 9.1.0/armtools/bin/../lib/gcc/arm-atollic-eabi/6.3.1/../../../../arm-atollic-eabi/lib/armv6-m\libm.a(lib_a-s_matherr.o)
                              c:/temp/__arm_tools/truestudio for stm32 9.1.0/armtools/bin/../lib/gcc/arm-atollic-eabi/6.3.1/../../../../arm-atollic-eabi/lib/armv6-m\libm.a(lib_a-w_pow.o) (matherr)
c:/temp/__arm_tools/truestudio for stm32 9.1.0/armtools/bin/../lib/gcc/arm-atollic-eabi/6.3.1/../../../../arm-atollic-eabi/lib/armv6-m\libm.a(lib_a-s_nan.o)
                              c:/temp/__arm_tools/truestudio for stm32 9.1.0/armtools/bin/../lib/gcc/arm-atollic-eabi/6.3.1/../../../../arm-atollic-eabi/lib/armv6-m\libm.a(lib_a-e_pow.o) (nan)
c:/temp/__arm_tools/truestudio for stm32 9.1.0/armtools/bin/../lib/gcc/arm-atollic-eabi/6.3.1/../../../../arm-atollic-eabi/lib/armv6-m\libm.a(lib_a-s_rint.o)
                              c:/temp/__arm_tools/truestudio for stm32 9.1.0/armtools/bin/../lib/gcc/arm-atollic-eabi/6.3.1/../../../../arm-atollic-eabi/lib/armv6-m\libm.a(lib_a-w_pow.o) (rint)
c:/temp/__arm_tools/truestudio for stm32 9.1.0/armtools/bin/../lib/gcc/arm-atollic-eabi/6.3.1/../../../../arm-atollic-eabi/lib/armv6-m\libm.a(lib_a-s_scalbn.o)
                              c:/temp/__arm_tools/truestudio for stm32 9.1.0/armtools/bin/../lib/gcc/arm-atollic-eabi/6.3.1/../../../../arm-atollic-eabi/lib/armv6-m\libm.a(lib_a-e_pow.o) (scalbn)
c:/temp/__arm_tools/truestudio for stm32 9.1.0/armtools/bin/../lib/gcc/arm-atollic-eabi/6.3.1/../../../../arm-atollic-eabi/lib/armv6-m\libm.a(lib_a-s_copysign.o)
                              c:/temp/__arm_tools/truestudio for stm32 9.1.0/armtools/bin/../lib/gcc/arm-atollic-eabi/6.3.1/../../../../arm-atollic-eabi/lib/armv6-m\libm.a(lib_a-s_scalbn.o) (copysign)
c:/temp/__arm_tools/truestudio for stm32 9.1.0/armtools/bin/../lib/gcc/arm-atollic-eabi/6.3.1/../../../../arm-atollic-eabi/lib/armv6-m\libc_nano.a(lib_a-errno.o)
                              c:/temp/__arm_tools/truestudio for stm32 9.1.0/armtools/bin/../lib/gcc/arm-atollic-eabi/6.3.1/../../../../arm-atollic-eabi/lib/armv6-m\libm.a(lib_a-w_pow.o) (__errno)
c:/temp/__arm_tools/truestudio for stm32 9.1.0/armtools/bin/../lib/gcc/arm-atollic-eabi/6.3.1/../../../../arm-atollic-eabi/lib/armv6-m\libc_nano.a(lib_a-impure.o)
                              c:/temp/__arm_tools/truestudio for stm32 9.1.0/armtools/bin/../lib/gcc/arm-atollic-eabi/6.3.1/../../../../arm-atollic-eabi/lib/armv6-m\libc_nano.a(lib_a-errno.o) (_impure_ptr)
c:/temp/__arm_tools/truestudio for stm32 9.1.0/armtools/bin/../lib/gcc/arm-atollic-eabi/6.3.1/../../../../arm-atollic-eabi/lib/armv6-m\libc_nano.a(lib_a-init.o)
                              startup\startup_stm32f072xb.o (__libc_init_array)
[...]
Memory Configuration

Name             Origin             Length             Attributes
RAM              0x20000000         0x00004000         xrw
FLASH            0x08000000         0x00010000         xr
*default*        0x00000000         0xffffffff

Linker script and memory map

LOAD c:/temp/__arm_tools/truestudio for stm32 9.1.0/armtools/bin/../lib/gcc/arm-atollic-eabi/6.3.1/armv6-m/crti.o
LOAD c:/temp/__arm_tools/truestudio for stm32 9.1.0/armtools/bin/../lib/gcc/arm-atollic-eabi/6.3.1/armv6-m/crtbegin.o
LOAD Drivers\STM32F0xx_HAL_Driver\Src\stm32f0xx_hal.o
LOAD Drivers\STM32F0xx_HAL_Driver\Src\stm32f0xx_hal_can.o
LOAD Drivers\STM32F0xx_HAL_Driver\Src\stm32f0xx_hal_cortex.o
LOAD Drivers\STM32F0xx_HAL_Driver\Src\stm32f0xx_hal_dma.o
LOAD Drivers\STM32F0xx_HAL_Driver\Src\stm32f0xx_hal_flash.o
LOAD Drivers\STM32F0xx_HAL_Driver\Src\stm32f0xx_hal_flash_ex.o
LOAD Drivers\STM32F0xx_HAL_Driver\Src\stm32f0xx_hal_gpio.o
LOAD Drivers\STM32F0xx_HAL_Driver\Src\stm32f0xx_hal_i2c.o
LOAD Drivers\STM32F0xx_HAL_Driver\Src\stm32f0xx_hal_i2c_ex.o
LOAD Drivers\STM32F0xx_HAL_Driver\Src\stm32f0xx_hal_pcd.o
LOAD Drivers\STM32F0xx_HAL_Driver\Src\stm32f0xx_hal_pcd_ex.o
LOAD Drivers\STM32F0xx_HAL_Driver\Src\stm32f0xx_hal_pwr.o
LOAD Drivers\STM32F0xx_HAL_Driver\Src\stm32f0xx_hal_pwr_ex.o
LOAD Drivers\STM32F0xx_HAL_Driver\Src\stm32f0xx_hal_rcc.o
LOAD Drivers\STM32F0xx_HAL_Driver\Src\stm32f0xx_hal_rcc_ex.o
LOAD Drivers\STM32F0xx_HAL_Driver\Src\stm32f0xx_hal_tim.o
LOAD Drivers\STM32F0xx_HAL_Driver\Src\stm32f0xx_hal_tim_ex.o
LOAD Middlewares\ST\STM32_USB_Device_Library\Class\CDC\Src\usbd_cdc.o
LOAD Middlewares\ST\STM32_USB_Device_Library\Core\Src\usbd_core.o
LOAD Middlewares\ST\STM32_USB_Device_Library\Core\Src\usbd_ctlreq.o
LOAD Middlewares\ST\STM32_USB_Device_Library\Core\Src\usbd_ioreq.o
LOAD Middlewares\Third_Party\FreeRTOS\Source\CMSIS_RTOS\cmsis_os.o
LOAD Middlewares\Third_Party\FreeRTOS\Source\croutine.o
LOAD Middlewares\Third_Party\FreeRTOS\Source\event_groups.o
LOAD Middlewares\Third_Party\FreeRTOS\Source\list.o
LOAD Middlewares\Third_Party\FreeRTOS\Source\portable\GCC\ARM_CM0\port.o
LOAD Middlewares\Third_Party\FreeRTOS\Source\portable\MemMang\heap_4.o
LOAD Middlewares\Third_Party\FreeRTOS\Source\queue.o
LOAD Middlewares\Third_Party\FreeRTOS\Source\tasks.o
LOAD Middlewares\Third_Party\FreeRTOS\Source\timers.o
LOAD Src\freertos.o
LOAD Src\main.o
LOAD Src\stm32f0xx_hal_msp.o
LOAD Src\stm32f0xx_hal_timebase_tim.o
LOAD Src\stm32f0xx_it.o
LOAD Src\supportLib\cString.o
LOAD Src\supportLib\control.o
LOAD Src\supportLib\parseString.o
LOAD Src\supportLib\str2num.o
LOAD Src\system_stm32f0xx.o
LOAD Src\usb_device.o
LOAD Src\usbd_cdc_if.o
LOAD Src\usbd_conf.o
LOAD Src\usbd_desc.o
LOAD startup\startup_stm32f072xb.o
                0x00001000                malloc_getpagesize_P = 0x1000
START GROUP
LOAD c:/temp/__arm_tools/truestudio for stm32 9.1.0/armtools/bin/../lib/gcc/arm-atollic-eabi/6.3.1/../../../../arm-atollic-eabi/lib/armv6-m\libstdc++_nano.a
LOAD c:/temp/__arm_tools/truestudio for stm32 9.1.0/armtools/bin/../lib/gcc/arm-atollic-eabi/6.3.1/../../../../arm-atollic-eabi/lib/armv6-m\libsupc++_nano.a
END GROUP
LOAD c:/temp/__arm_tools/truestudio for stm32 9.1.0/armtools/bin/../lib/gcc/arm-atollic-eabi/6.3.1/../../../../arm-atollic-eabi/lib/armv6-m\libstdc++_nano.a
LOAD c:/temp/__arm_tools/truestudio for stm32 9.1.0/armtools/bin/../lib/gcc/arm-atollic-eabi/6.3.1/../../../../arm-atollic-eabi/lib/armv6-m\libm.a
LOAD c:/temp/__arm_tools/truestudio for stm32 9.1.0/armtools/bin/../lib/gcc/arm-atollic-eabi/6.3.1/../../../../arm-atollic-eabi/lib/armv6-m\libc_nano.a
START GROUP
LOAD c:/temp/__arm_tools/truestudio for stm32 9.1.0/armtools/bin/../lib/gcc/arm-atollic-eabi/6.3.1/armv6-m\libgcc.a
LOAD c:/temp/__arm_tools/truestudio for stm32 9.1.0/armtools/bin/../lib/gcc/arm-atollic-eabi/6.3.1/../../../../arm-atollic-eabi/lib/armv6-m\libc_nano.a
END GROUP
START GROUP
LOAD c:/temp/__arm_tools/truestudio for stm32 9.1.0/armtools/bin/../lib/gcc/arm-atollic-eabi/6.3.1/armv6-m\libgcc.a
LOAD c:/temp/__arm_tools/truestudio for stm32 9.1.0/armtools/bin/../lib/gcc/arm-atollic-eabi/6.3.1/../../../../arm-atollic-eabi/lib/armv6-m\libc_nano.a
LOAD c:/temp/__arm_tools/truestudio for stm32 9.1.0/armtools/bin/../lib/gcc/arm-atollic-eabi/6.3.1/../../../../arm-atollic-eabi/lib/armv6-m\libnosys.a
END GROUP
START GROUP
LOAD c:/temp/__arm_tools/truestudio for stm32 9.1.0/armtools/bin/../lib/gcc/arm-atollic-eabi/6.3.1/armv6-m\libgcc.a
LOAD c:/temp/__arm_tools/truestudio for stm32 9.1.0/armtools/bin/../lib/gcc/arm-atollic-eabi/6.3.1/../../../../arm-atollic-eabi/lib/armv6-m\libc_nano.a
LOAD c:/temp/__arm_tools/truestudio for stm32 9.1.0/armtools/bin/../lib/gcc/arm-atollic-eabi/6.3.1/../../../../arm-atollic-eabi/lib/armv6-m\libnosys.a
END GROUP
LOAD c:/temp/__arm_tools/truestudio for stm32 9.1.0/armtools/bin/../lib/gcc/arm-atollic-eabi/6.3.1/armv6-m/crtend.o
LOAD c:/temp/__arm_tools/truestudio for stm32 9.1.0/armtools/bin/../lib/gcc/arm-atollic-eabi/6.3.1/armv6-m/crtn.o
                0x20004000                _estack = 0x20004000
                0x00000200                _Min_Heap_Size = 0x200
                0x00000400                _Min_Stack_Size = 0x400

.isr_vector     0x08000000       0xc0
                0x08000000                . = ALIGN (0x4)
 *(.isr_vector)
 .isr_vector    0x08000000       0xc0 startup\startup_stm32f072xb.o
                0x08000000                g_pfnVectors
                0x080000c0                . = ALIGN (0x4)

.text           0x080000c0     0xab8c
                0x080000c0                . = ALIGN (0x4)
 *(.text)
 .text          0x080000c0       0x48 c:/temp/__arm_tools/truestudio for stm32 9.1.0/armtools/bin/../lib/gcc/arm-atollic-eabi/6.3.1/armv6-m/crtbegin.o
 .text          0x08000108       0x14 c:/temp/__arm_tools/truestudio for stm32 9.1.0/armtools/bin/../lib/gcc/arm-atollic-eabi/6.3.1/../../../../arm-atollic-eabi/lib/armv6-m\libc_nano.a(lib_a-strcmp.o)
                0x08000108                strcmp
 .text          0x0800011c        0xe c:/temp/__arm_tools/truestudio for stm32 9.1.0/armtools/bin/../lib/gcc/arm-atollic-eabi/6.3.1/../../../../arm-atollic-eabi/lib/armv6-m\libc_nano.a(lib_a-strlen.o)
                0x0800011c                strlen
 *fill*         0x0800012a        0x2 
 .text          0x0800012c      0x114 c:/temp/__arm_tools/truestudio for stm32 9.1.0/armtools/bin/../lib/gcc/arm-atollic-eabi/6.3.1/armv6-m\libgcc.a(_udivsi3.o)
                0x0800012c                __aeabi_uidiv
                0x0800012c                __udivsi3
                0x08000238                __aeabi_uidivmod
 .text          0x08000240      0x1d4 c:/temp/__arm_tools/truestudio for stm32 9.1.0/armtools/bin/../lib/gcc/arm-atollic-eabi/6.3.1/armv6-m\libgcc.a(_divsi3.o)
                0x08000240                __divsi3
                0x08000240                __aeabi_idiv
                0x0800040c                __aeabi_idivmod
 .text          0x08000414        0x4 c:/temp/__arm_tools/truestudio for stm32 9.1.0/armtools/bin/../lib/gcc/arm-atollic-eabi/6.3.1/armv6-m\libgcc.a(_dvmd_tls.o)
                0x08000414                __aeabi_idiv0
                0x08000414                __aeabi_ldiv0
 .text          0x08000418      0xa38 c:/temp/__arm_tools/truestudio for stm32 9.1.0/armtools/bin/../lib/gcc/arm-atollic-eabi/6.3.1/armv6-m\libgcc.a(unwind-arm.o)
                0x080006e8                _Unwind_GetCFA
                0x080006ec                __gnu_Unwind_RaiseException
                0x08000740                __gnu_Unwind_ForcedUnwind
                0x08000754                __gnu_Unwind_Resume
                0x0800079c                __gnu_Unwind_Resume_or_Rethrow
                0x080007b8                _Unwind_Complete
                0x080007bc                _Unwind_DeleteException
                0x080007cc                _Unwind_VRS_Get
                0x08000818                _Unwind_VRS_Set
                0x08000864                __gnu_Unwind_Backtrace
                0x08000bc4                __aeabi_unwind_cpp_pr0
                0x08000bd0                __aeabi_unwind_cpp_pr1
                0x08000bdc                __aeabi_unwind_cpp_pr2
                0x08000be8                _Unwind_VRS_Pop
 .text          0x08000e50      0x144 c:/temp/__arm_tools/truestudio for stm32 9.1.0/armtools/bin/../lib/gcc/arm-atollic-eabi/6.3.1/armv6-m\libgcc.a(libunwind.o)
                0x08000e50                __restore_core_regs
                0x08000e50                restore_core_regs
                0x08000e7c                __gnu_Unwind_Restore_VFP
                0x08000e80                __gnu_Unwind_Save_VFP
                0x08000e84                __gnu_Unwind_Restore_VFP_D
                0x08000e88                __gnu_Unwind_Save_VFP_D
                0x08000e8c                __gnu_Unwind_Restore_VFP_D_16_to_31
                0x08000e90                __gnu_Unwind_Save_VFP_D_16_to_31
                0x08000e94                __gnu_Unwind_Restore_WMMXD
                0x08000e98                __gnu_Unwind_Save_WMMXD
                0x08000e9c                __gnu_Unwind_Restore_WMMXC
                0x08000ea0                __gnu_Unwind_Save_WMMXC
                0x08000ea4                ___Unwind_RaiseException
                0x08000ea4                _Unwind_RaiseException
                0x08000ed4                _Unwind_Resume
                0x08000ed4                ___Unwind_Resume
                0x08000f04                _Unwind_Resume_or_Rethrow
                0x08000f04                ___Unwind_Resume_or_Rethrow
                0x08000f34                _Unwind_ForcedUnwind
                0x08000f34                ___Unwind_ForcedUnwind
                0x08000f64                ___Unwind_Backtrace
                0x08000f64                _Unwind_Backtrace
 .text          0x08000f94      0x3a8 c:/temp/__arm_tools/truestudio for stm32 9.1.0/armtools/bin/../lib/gcc/arm-atollic-eabi/6.3.1/armv6-m\libgcc.a(pr-support.o)
                0x08000fe8                __gnu_unwind_execute
                0x080012e4                __gnu_unwind_frame
                0x0800130c                _Unwind_GetRegionStart
                0x08001318                _Unwind_GetLanguageSpecificData
                0x0800132c                _Unwind_GetTextRelBase
                0x08001334                _Unwind_GetDataRelBase
 *(.text*)
 .text.HAL_Init
                0x0800133c       0x28 Drivers\STM32F0xx_HAL_Driver\Src\stm32f0xx_hal.o
                0x0800133c                HAL_Init
 .text.HAL_IncTick
                0x08001364       0x18 Drivers\STM32F0xx_HAL_Driver\Src\stm32f0xx_hal.o
                0x08001364                HAL_IncTick
 .text.HAL_GetTick
                0x0800137c       0x14 Drivers\STM32F0xx_HAL_Driver\Src\stm32f0xx_hal.o
                0x0800137c                HAL_GetTick
 .text.HAL_CAN_Init
                0x08001390      0x246 Drivers\STM32F0xx_HAL_Driver\Src\stm32f0xx_hal_can.o
                0x08001390                HAL_CAN_Init
 *fill*         0x080015d6        0x2 
 .text.NVIC_EnableIRQ
                0x080015d8       0x2c Drivers\STM32F0xx_HAL_Driver\Src\stm32f0xx_hal_cortex.o
 .text.NVIC_SetPriority
                0x08001604       0xdc Drivers\STM32F0xx_HAL_Driver\Src\stm32f0xx_hal_cortex.o
 .text.HAL_NVIC_SetPriority
                0x080016e0       0x2c Drivers\STM32F0xx_HAL_Driver\Src\stm32f0xx_hal_cortex.o
                0x080016e0                HAL_NVIC_SetPriority
 .text.HAL_NVIC_EnableIRQ
                0x0800170c       0x20 Drivers\STM32F0xx_HAL_Driver\Src\stm32f0xx_hal_cortex.o
                0x0800170c                HAL_NVIC_EnableIRQ
 .text.HAL_GPIO_Init
                0x0800172c      0x2f8 Drivers\STM32F0xx_HAL_Driver\Src\stm32f0xx_hal_gpio.o
                0x0800172c                HAL_GPIO_Init
 .text.HAL_GPIO_DeInit
                0x08001a24      0x1b8 Drivers\STM32F0xx_HAL_Driver\Src\stm32f0xx_hal_gpio.o
                0x08001a24                HAL_GPIO_DeInit
 .text.HAL_GPIO_ReadPin
                0x08001bdc       0x3a Drivers\STM32F0xx_HAL_Driver\Src\stm32f0xx_hal_gpio.o
                0x08001bdc                HAL_GPIO_ReadPin
 .text.HAL_GPIO_WritePin
                0x08001c16       0x3a Drivers\STM32F0xx_HAL_Driver\Src\stm32f0xx_hal_gpio.o
                0x08001c16                HAL_GPIO_WritePin
 .text.HAL_PCD_Init
                0x08001c50      0x1e0 Drivers\STM32F0xx_HAL_Driver\Src\stm32f0xx_hal_pcd.o
                0x08001c50                HAL_PCD_Init
 .text.HAL_PCD_Start
                0x08001e30       0x30 Drivers\STM32F0xx_HAL_Driver\Src\stm32f0xx_hal_pcd.o
                0x08001e30                HAL_PCD_Start
 .text.HAL_PCD_IRQHandler
                0x08001e60      0x250 Drivers\STM32F0xx_HAL_Driver\Src\stm32f0xx_hal_pcd.o
                0x08001e60                HAL_PCD_IRQHandler
 .text.HAL_PCD_SetAddress
                0x080020b0       0x5a Drivers\STM32F0xx_HAL_Driver\Src\stm32f0xx_hal_pcd.o
                0x080020b0                HAL_PCD_SetAddress
 *fill*         0x0800210a        0x2 
 .text.HAL_PCD_EP_Open
                0x0800210c      0x6f4 Drivers\STM32F0xx_HAL_Driver\Src\stm32f0xx_hal_pcd.o
                0x0800210c                HAL_PCD_EP_Open
 .text.HAL_PCD_EP_Close
                0x08002800      0x3d4 Drivers\STM32F0xx_HAL_Driver\Src\stm32f0xx_hal_pcd.o
                0x08002800                HAL_PCD_EP_Close
 .text.HAL_PCD_EP_Receive
                0x08002bd4      0x308 Drivers\STM32F0xx_HAL_Driver\Src\stm32f0xx_hal_pcd.o
                0x08002bd4                HAL_PCD_EP_Receive
 .text.HAL_PCD_EP_GetRxCount
                0x08002edc       0x34 Drivers\STM32F0xx_HAL_Driver\Src\stm32f0xx_hal_pcd.o
                0x08002edc                HAL_PCD_EP_GetRxCount
 .text.HAL_PCD_EP_Transmit
                0x08002f10      0x374 Drivers\STM32F0xx_HAL_Driver\Src\stm32f0xx_hal_pcd.o
                0x08002f10                HAL_PCD_EP_Transmit
 .text.HAL_PCD_EP_SetStall
                0x08003284      0x164 Drivers\STM32F0xx_HAL_Driver\Src\stm32f0xx_hal_pcd.o
                0x08003284                HAL_PCD_EP_SetStall
 .text.HAL_PCD_EP_ClrStall
                0x080033e8      0x1bc Drivers\STM32F0xx_HAL_Driver\Src\stm32f0xx_hal_pcd.o
                0x080033e8                HAL_PCD_EP_ClrStall
 .text.PCD_WritePMA
                0x080035a4       0x88 Drivers\STM32F0xx_HAL_Driver\Src\stm32f0xx_hal_pcd.o
                0x080035a4                PCD_WritePMA
 .text.PCD_ReadPMA
                0x0800362c       0x94 Drivers\STM32F0xx_HAL_Driver\Src\stm32f0xx_hal_pcd.o
                0x0800362c                PCD_ReadPMA
 .text.PCD_EP_ISR_Handler
                0x080036c0      0x6f0 Drivers\STM32F0xx_HAL_Driver\Src\stm32f0xx_hal_pcd.o
 .text.HAL_PCDEx_PMAConfig
                0x08003db0       0x9e Drivers\STM32F0xx_HAL_Driver\Src\stm32f0xx_hal_pcd_ex.o
                0x08003db0                HAL_PCDEx_PMAConfig
 *fill*         0x08003e4e        0x2 
 .text.HAL_RCC_OscConfig
                0x08003e50      0x6bc Drivers\STM32F0xx_HAL_Driver\Src\stm32f0xx_hal_rcc.o
                0x08003e50                HAL_RCC_OscConfig
 .text.HAL_RCC_ClockConfig
                0x0800450c      0x210 Drivers\STM32F0xx_HAL_Driver\Src\stm32f0xx_hal_rcc.o
                0x0800450c                HAL_RCC_ClockConfig
 .text.HAL_RCC_GetSysClockFreq
                0x0800471c       0xfc Drivers\STM32F0xx_HAL_Driver\Src\stm32f0xx_hal_rcc.o
                0x0800471c                HAL_RCC_GetSysClockFreq
 .text.HAL_RCC_GetHCLKFreq
                0x08004818       0x14 Drivers\STM32F0xx_HAL_Driver\Src\stm32f0xx_hal_rcc.o
                0x08004818                HAL_RCC_GetHCLKFreq
 .text.HAL_RCC_GetPCLK1Freq
                0x0800482c       0x2c Drivers\STM32F0xx_HAL_Driver\Src\stm32f0xx_hal_rcc.o
                0x0800482c                HAL_RCC_GetPCLK1Freq
 .text.HAL_RCC_GetClockConfig
                0x08004858       0x54 Drivers\STM32F0xx_HAL_Driver\Src\stm32f0xx_hal_rcc.o
                0x08004858                HAL_RCC_GetClockConfig
 .text.HAL_RCCEx_PeriphCLKConfig
                0x080048ac      0x1fc Drivers\STM32F0xx_HAL_Driver\Src\stm32f0xx_hal_rcc_ex.o
                0x080048ac                HAL_RCCEx_PeriphCLKConfig
 .text.HAL_TIM_Base_Init
                0x08004aa8       0x58 Drivers\STM32F0xx_HAL_Driver\Src\stm32f0xx_hal_tim.o
                0x08004aa8                HAL_TIM_Base_Init
 .text.HAL_TIM_Base_MspInit
                0x08004b00       0x10 Drivers\STM32F0xx_HAL_Driver\Src\stm32f0xx_hal_tim.o
                0x08004b00                HAL_TIM_Base_MspInit
 .text.HAL_TIM_Base_Start_IT
                0x08004b10       0x32 Drivers\STM32F0xx_HAL_Driver\Src\stm32f0xx_hal_tim.o
                0x08004b10                HAL_TIM_Base_Start_IT
 .text.HAL_TIM_IRQHandler
                0x08004b42      0x22c Drivers\STM32F0xx_HAL_Driver\Src\stm32f0xx_hal_tim.o
                0x08004b42                HAL_TIM_IRQHandler
 .text.HAL_TIM_OC_DelayElapsedCallback
                0x08004d6e       0x10 Drivers\STM32F0xx_HAL_Driver\Src\stm32f0xx_hal_tim.o
                0x08004d6e                HAL_TIM_OC_DelayElapsedCallback
 .text.HAL_TIM_IC_CaptureCallback
                0x08004d7e       0x10 Drivers\STM32F0xx_HAL_Driver\Src\stm32f0xx_hal_tim.o
                0x08004d7e                HAL_TIM_IC_CaptureCallback
 .text.HAL_TIM_PWM_PulseFinishedCallback
                0x08004d8e       0x10 Drivers\STM32F0xx_HAL_Driver\Src\stm32f0xx_hal_tim.o
                0x08004d8e                HAL_TIM_PWM_PulseFinishedCallback
 .text.HAL_TIM_TriggerCallback
                0x08004d9e       0x10 Drivers\STM32F0xx_HAL_Driver\Src\stm32f0xx_hal_tim.o
                0x08004d9e                HAL_TIM_TriggerCallback
 *fill*         0x08004dae        0x2 
 .text.TIM_Base_SetConfig
                0x08004db0      0x104 Drivers\STM32F0xx_HAL_Driver\Src\stm32f0xx_hal_tim.o
                0x08004db0                TIM_Base_SetConfig
 .text.HAL_TIMEx_CommutationCallback
                0x08004eb4       0x10 Drivers\STM32F0xx_HAL_Driver\Src\stm32f0xx_hal_tim_ex.o
                0x08004eb4                HAL_TIMEx_CommutationCallback
 .text.HAL_TIMEx_BreakCallback
                0x08004ec4       0x10 Drivers\STM32F0xx_HAL_Driver\Src\stm32f0xx_hal_tim_ex.o
                0x08004ec4                HAL_TIMEx_BreakCallback
 .text.USBD_CDC_Init
                0x08004ed4       0xf2 Middlewares\ST\STM32_USB_Device_Library\Class\CDC\Src\usbd_cdc.o
 .text.USBD_CDC_DeInit
                0x08004fc6       0x72 Middlewares\ST\STM32_USB_Device_Library\Class\CDC\Src\usbd_cdc.o
 .text.USBD_CDC_Setup
                0x08005038       0xc8 Middlewares\ST\STM32_USB_Device_Library\Class\CDC\Src\usbd_cdc.o
 .text.USBD_CDC_DataIn
                0x08005100       0x3c Middlewares\ST\STM32_USB_Device_Library\Class\CDC\Src\usbd_cdc.o
 .text.USBD_CDC_DataOut
                0x0800513c       0x6a Middlewares\ST\STM32_USB_Device_Library\Class\CDC\Src\usbd_cdc.o
 *fill*         0x080051a6        0x2 
 .text.USBD_CDC_EP0_RxReady
                0x080051a8       0x64 Middlewares\ST\STM32_USB_Device_Library\Class\CDC\Src\usbd_cdc.o
 .text.USBD_CDC_GetFSCfgDesc
                0x0800520c       0x1c Middlewares\ST\STM32_USB_Device_Library\Class\CDC\Src\usbd_cdc.o
 .text.USBD_CDC_GetHSCfgDesc
                0x08005228       0x1c Middlewares\ST\STM32_USB_Device_Library\Class\CDC\Src\usbd_cdc.o
 .text.USBD_CDC_GetOtherSpeedCfgDesc
                0x08005244       0x1c Middlewares\ST\STM32_USB_Device_Library\Class\CDC\Src\usbd_cdc.o
 .text.USBD_CDC_GetDeviceQualifierDescriptor
                0x08005260       0x1c Middlewares\ST\STM32_USB_Device_Library\Class\CDC\Src\usbd_cdc.o
                0x08005260                USBD_CDC_GetDeviceQualifierDescriptor
 .text.USBD_CDC_RegisterInterface
                0x0800527c       0x38 Middlewares\ST\STM32_USB_Device_Library\Class\CDC\Src\usbd_cdc.o
                0x0800527c                USBD_CDC_RegisterInterface
 .text.USBD_CDC_SetTxBuffer
                0x080052b4       0x38 Middlewares\ST\STM32_USB_Device_Library\Class\CDC\Src\usbd_cdc.o
                0x080052b4                USBD_CDC_SetTxBuffer
 .text.USBD_CDC_SetRxBuffer
                0x080052ec       0x28 Middlewares\ST\STM32_USB_Device_Library\Class\CDC\Src\usbd_cdc.o
                0x080052ec                USBD_CDC_SetRxBuffer
 .text.USBD_CDC_TransmitPacket
                0x08005314       0x62 Middlewares\ST\STM32_USB_Device_Library\Class\CDC\Src\usbd_cdc.o
                0x08005314                USBD_CDC_TransmitPacket
 .text.USBD_CDC_ReceivePacket
                0x08005376       0x5c Middlewares\ST\STM32_USB_Device_Library\Class\CDC\Src\usbd_cdc.o
                0x08005376                USBD_CDC_ReceivePacket
 .text.USBD_Init
                0x080053d2       0x62 Middlewares\ST\STM32_USB_Device_Library\Core\Src\usbd_core.o
                0x080053d2                USBD_Init
 .text.USBD_RegisterClass
                0x08005434       0x42 Middlewares\ST\STM32_USB_Device_Library\Core\Src\usbd_core.o
                0x08005434                USBD_RegisterClass
 .text.USBD_Start
                0x08005476       0x1a Middlewares\ST\STM32_USB_Device_Library\Core\Src\usbd_core.o
                0x08005476                USBD_Start
 .text.USBD_RunTestMode
                0x08005490       0x12 Middlewares\ST\STM32_USB_Device_Library\Core\Src\usbd_core.o
                0x08005490                USBD_RunTestMode
 .text.USBD_SetClassConfig
                0x080054a2       0x50 Middlewares\ST\STM32_USB_Device_Library\Core\Src\usbd_core.o
                0x080054a2                USBD_SetClassConfig
 .text.USBD_ClrClassConfig
                0x080054f2       0x2c Middlewares\ST\STM32_USB_Device_Library\Core\Src\usbd_core.o
                0x080054f2                USBD_ClrClassConfig
 *fill*         0x0800551e        0x2 
 .text.USBD_LL_SetupStage
                0x08005520       0xb8 Middlewares\ST\STM32_USB_Device_Library\Core\Src\usbd_core.o
                0x08005520                USBD_LL_SetupStage
 .text.USBD_LL_DataOutStage
                0x080055d8       0xd4 Middlewares\ST\STM32_USB_Device_Library\Core\Src\usbd_core.o
                0x080055d8                USBD_LL_DataOutStage
 .text.USBD_LL_DataInStage
                0x080056ac      0x148 Middlewares\ST\STM32_USB_Device_Library\Core\Src\usbd_core.o
                0x080056ac                USBD_LL_DataInStage
 .text.USBD_LL_Reset
                0x080057f4       0x66 Middlewares\ST\STM32_USB_Device_Library\Core\Src\usbd_core.o
                0x080057f4                USBD_LL_Reset
 .text.USBD_LL_SetSpeed
                0x0800585a       0x20 Middlewares\ST\STM32_USB_Device_Library\Core\Src\usbd_core.o
                0x0800585a                USBD_LL_SetSpeed
 .text.USBD_LL_Suspend
                0x0800587a       0x2c Middlewares\ST\STM32_USB_Device_Library\Core\Src\usbd_core.o
                0x0800587a                USBD_LL_Suspend
 .text.USBD_LL_Resume
                0x080058a6       0x22 Middlewares\ST\STM32_USB_Device_Library\Core\Src\usbd_core.o
                0x080058a6                USBD_LL_Resume
 .text.USBD_LL_SOF
                0x080058c8       0x3c Middlewares\ST\STM32_USB_Device_Library\Core\Src\usbd_core.o
                0x080058c8                USBD_LL_SOF
 .text.USBD_StdDevReq
                0x08005904       0xa8 Middlewares\ST\STM32_USB_Device_Library\Core\Src\usbd_ctlreq.o
                0x08005904                USBD_StdDevReq
 .text.USBD_StdItfReq
                0x080059ac       0x7e Middlewares\ST\STM32_USB_Device_Library\Core\Src\usbd_ctlreq.o
                0x080059ac                USBD_StdItfReq
 .text.USBD_StdEPReq
                0x08005a2a      0x22c Middlewares\ST\STM32_USB_Device_Library\Core\Src\usbd_ctlreq.o
                0x08005a2a                USBD_StdEPReq
 *fill*         0x08005c56        0x2 
 .text.USBD_GetDescriptor
                0x08005c58      0x214 Middlewares\ST\STM32_USB_Device_Library\Core\Src\usbd_ctlreq.o
 .text.USBD_SetAddress
                0x08005e6c       0xa0 Middlewares\ST\STM32_USB_Device_Library\Core\Src\usbd_ctlreq.o
 .text.USBD_SetConfig
                0x08005f0c      0x138 Middlewares\ST\STM32_USB_Device_Library\Core\Src\usbd_ctlreq.o
 .text.USBD_GetConfig
                0x08006044       0x70 Middlewares\ST\STM32_USB_Device_Library\Core\Src\usbd_ctlreq.o
 .text.USBD_GetStatus
                0x080060b4       0x5e Middlewares\ST\STM32_USB_Device_Library\Core\Src\usbd_ctlreq.o
 .text.USBD_SetFeature
                0x08006112       0x3e Middlewares\ST\STM32_USB_Device_Library\Core\Src\usbd_ctlreq.o
 .text.USBD_ClrFeature
                0x08006150       0x5e Middlewares\ST\STM32_USB_Device_Library\Core\Src\usbd_ctlreq.o
 .text.USBD_ParseSetupRequest
                0x080061ae       0x76 Middlewares\ST\STM32_USB_Device_Library\Core\Src\usbd_ctlreq.o
                0x080061ae                USBD_ParseSetupRequest
 .text.USBD_CtlError
                0x08006224       0x26 Middlewares\ST\STM32_USB_Device_Library\Core\Src\usbd_ctlreq.o
                0x08006224                USBD_CtlError
 .text.USBD_GetString
                0x0800624a       0xac Middlewares\ST\STM32_USB_Device_Library\Core\Src\usbd_ctlreq.o
                0x0800624a                USBD_GetString
 .text.USBD_GetLen
                0x080062f6       0x3c Middlewares\ST\STM32_USB_Device_Library\Core\Src\usbd_ctlreq.o
 .text.USBD_CtlSendData
                0x08006332       0x40 Middlewares\ST\STM32_USB_Device_Library\Core\Src\usbd_ioreq.o
                0x08006332                USBD_CtlSendData
 .text.USBD_CtlContinueSendData
                0x08006372       0x26 Middlewares\ST\STM32_USB_Device_Library\Core\Src\usbd_ioreq.o
                0x08006372                USBD_CtlContinueSendData
 .text.USBD_CtlPrepareRx
                0x08006398       0x48 Middlewares\ST\STM32_USB_Device_Library\Core\Src\usbd_ioreq.o
                0x08006398                USBD_CtlPrepareRx
 .text.USBD_CtlContinueRx
                0x080063e0       0x26 Middlewares\ST\STM32_USB_Device_Library\Core\Src\usbd_ioreq.o
                0x080063e0                USBD_CtlContinueRx
 .text.USBD_CtlSendStatus
                0x08006406       0x28 Middlewares\ST\STM32_USB_Device_Library\Core\Src\usbd_ioreq.o
                0x08006406                USBD_CtlSendStatus
 .text.USBD_CtlReceiveStatus
                0x0800642e       0x28 Middlewares\ST\STM32_USB_Device_Library\Core\Src\usbd_ioreq.o
                0x0800642e                USBD_CtlReceiveStatus
 .text.makeFreeRtosPriority
                0x08006456       0x32 Middlewares\Third_Party\FreeRTOS\Source\CMSIS_RTOS\cmsis_os.o
 .text.inHandlerMode
                0x08006488       0x1c Middlewares\Third_Party\FreeRTOS\Source\CMSIS_RTOS\cmsis_os.o
 .text.osKernelStart
                0x080064a4       0x10 Middlewares\Third_Party\FreeRTOS\Source\CMSIS_RTOS\cmsis_os.o
                0x080064a4                osKernelStart
 .text.osThreadCreate
                0x080064b4       0x50 Middlewares\Third_Party\FreeRTOS\Source\CMSIS_RTOS\cmsis_os.o
                0x080064b4                osThreadCreate
 .text.osDelay  0x08006504       0x28 Middlewares\Third_Party\FreeRTOS\Source\CMSIS_RTOS\cmsis_os.o
                0x08006504                osDelay
 .text.osMessageCreate
                0x0800652c       0x24 Middlewares\Third_Party\FreeRTOS\Source\CMSIS_RTOS\cmsis_os.o
                0x0800652c                osMessageCreate
 .text.osMessagePut
                0x08006550       0x78 Middlewares\Third_Party\FreeRTOS\Source\CMSIS_RTOS\cmsis_os.o
                0x08006550                osMessagePut
 .text.osMessageGet
                0x080065c8       0xec Middlewares\Third_Party\FreeRTOS\Source\CMSIS_RTOS\cmsis_os.o
                0x080065c8                osMessageGet
 .text.vListInitialise
                0x080066b4       0x3c Middlewares\Third_Party\FreeRTOS\Source\list.o
                0x080066b4                vListInitialise
 .text.vListInitialiseItem
                0x080066f0       0x16 Middlewares\Third_Party\FreeRTOS\Source\list.o
                0x080066f0                vListInitialiseItem
 .text.vListInsertEnd
                0x08006706       0x44 Middlewares\Third_Party\FreeRTOS\Source\list.o
                0x08006706                vListInsertEnd
 .text.vListInsert
                0x0800674a       0x6c Middlewares\Third_Party\FreeRTOS\Source\list.o
                0x0800674a                vListInsert
 .text.uxListRemove
                0x080067b6       0x50 Middlewares\Third_Party\FreeRTOS\Source\list.o
                0x080067b6                uxListRemove
 *fill*         0x08006806        0x2 
 .text.pxPortInitialiseStack
                0x08006808       0x54 Middlewares\Third_Party\FreeRTOS\Source\portable\GCC\ARM_CM0\port.o
                0x08006808                pxPortInitialiseStack
 .text.prvTaskExitError
                0x0800685c       0x18 Middlewares\Third_Party\FreeRTOS\Source\portable\GCC\ARM_CM0\port.o
 .text.SVC_Handler
                0x08006874        0xa Middlewares\Third_Party\FreeRTOS\Source\portable\GCC\ARM_CM0\port.o
                0x08006874                SVC_Handler
 *fill*         0x0800687e        0x2 
 .text.vPortStartFirstTask
                0x08006880       0x38 Middlewares\Third_Party\FreeRTOS\Source\portable\GCC\ARM_CM0\port.o
 .text.xPortStartScheduler
                0x080068b8       0x44 Middlewares\Third_Party\FreeRTOS\Source\portable\GCC\ARM_CM0\port.o
                0x080068b8                xPortStartScheduler
 .text.vPortYield
                0x080068fc       0x20 Middlewares\Third_Party\FreeRTOS\Source\portable\GCC\ARM_CM0\port.o
                0x080068fc                vPortYield
 .text.vPortEnterCritical
                0x0800691c       0x24 Middlewares\Third_Party\FreeRTOS\Source\portable\GCC\ARM_CM0\port.o
                0x0800691c                vPortEnterCritical
 .text.vPortExitCritical
                0x08006940       0x30 Middlewares\Third_Party\FreeRTOS\Source\portable\GCC\ARM_CM0\port.o
                0x08006940                vPortExitCritical
 .text.ulSetInterruptMaskFromISR
                0x08006970        0xc Middlewares\Third_Party\FreeRTOS\Source\portable\GCC\ARM_CM0\port.o
                0x08006970                ulSetInterruptMaskFromISR
 .text.vClearInterruptMaskFromISR
                0x0800697c        0x8 Middlewares\Third_Party\FreeRTOS\Source\portable\GCC\ARM_CM0\port.o
                0x0800697c                vClearInterruptMaskFromISR
 *fill*         0x08006984        0xc 
 .text.PendSV_Handler
                0x08006990       0x48 Middlewares\Third_Party\FreeRTOS\Source\portable\GCC\ARM_CM0\port.o
                0x08006990                PendSV_Handler
 .text.SysTick_Handler
                0x080069d8       0x34 Middlewares\Third_Party\FreeRTOS\Source\portable\GCC\ARM_CM0\port.o
                0x080069d8                SysTick_Handler
 .text.vPortSetupTimerInterrupt
                0x08006a0c       0x34 Middlewares\Third_Party\FreeRTOS\Source\portable\GCC\ARM_CM0\port.o
                0x08006a0c                vPortSetupTimerInterrupt
 .text.pvPortMalloc
                0x08006a40      0x14c Middlewares\Third_Party\FreeRTOS\Source\portable\MemMang\heap_4.o
                0x08006a40                pvPortMalloc
 .text.vPortFree
                0x08006b8c       0x90 Middlewares\Third_Party\FreeRTOS\Source\portable\MemMang\heap_4.o
                0x08006b8c                vPortFree
 .text.prvHeapInit
                0x08006c1c       0xc0 Middlewares\Third_Party\FreeRTOS\Source\portable\MemMang\heap_4.o
 .text.prvInsertBlockIntoFreeList
                0x08006cdc       0xb0 Middlewares\Third_Party\FreeRTOS\Source\portable\MemMang\heap_4.o
 .text.xQueueGenericReset
                0x08006d8c       0xa8 Middlewares\Third_Party\FreeRTOS\Source\queue.o
                0x08006d8c                xQueueGenericReset
 .text.xQueueGenericCreate
                0x08006e34       0x64 Middlewares\Third_Party\FreeRTOS\Source\queue.o
                0x08006e34                xQueueGenericCreate
 .text.prvInitialiseNewQueue
                0x08006e98       0x44 Middlewares\Third_Party\FreeRTOS\Source\queue.o
 .text.xQueueGenericSend
                0x08006edc      0x188 Middlewares\Third_Party\FreeRTOS\Source\queue.o
                0x08006edc                xQueueGenericSend
 .text.xQueueGenericSendFromISR
                0x08007064       0xe4 Middlewares\Third_Party\FreeRTOS\Source\queue.o
                0x08007064                xQueueGenericSendFromISR
 .text.xQueueGenericReceive
                0x08007148      0x1c8 Middlewares\Third_Party\FreeRTOS\Source\queue.o
                0x08007148                xQueueGenericReceive
 .text.xQueueReceiveFromISR
                0x08007310       0xc8 Middlewares\Third_Party\FreeRTOS\Source\queue.o
                0x08007310                xQueueReceiveFromISR
 .text.prvCopyDataToQueue
                0x080073d8       0xd6 Middlewares\Third_Party\FreeRTOS\Source\queue.o
 .text.prvCopyDataFromQueue
                0x080074ae       0x4c Middlewares\Third_Party\FreeRTOS\Source\queue.o
 .text.prvUnlockQueue
                0x080074fa       0xc0 Middlewares\Third_Party\FreeRTOS\Source\queue.o
 .text.prvIsQueueEmpty
                0x080075ba       0x2c Middlewares\Third_Party\FreeRTOS\Source\queue.o
 .text.prvIsQueueFull
                0x080075e6       0x30 Middlewares\Third_Party\FreeRTOS\Source\queue.o
 .text.xTaskCreate
                0x08007616       0x90 Middlewares\Third_Party\FreeRTOS\Source\tasks.o
                0x08007616                xTaskCreate
 *fill*         0x080076a6        0x2 
 .text.prvInitialiseNewTask
                0x080076a8       0xf4 Middlewares\Third_Party\FreeRTOS\Source\tasks.o
 .text.prvAddNewTaskToReadyList
                0x0800779c       0xc8 Middlewares\Third_Party\FreeRTOS\Source\tasks.o
 .text.vTaskDelay
                0x08007864       0x4c Middlewares\Third_Party\FreeRTOS\Source\tasks.o
                0x08007864                vTaskDelay
 .text.vTaskStartScheduler
                0x080078b0       0x6c Middlewares\Third_Party\FreeRTOS\Source\tasks.o
                0x080078b0                vTaskStartScheduler
 .text.vTaskSuspendAll
                0x0800791c       0x18 Middlewares\Third_Party\FreeRTOS\Source\tasks.o
                0x0800791c                vTaskSuspendAll
 .text.xTaskResumeAll
                0x08007934      0x118 Middlewares\Third_Party\FreeRTOS\Source\tasks.o
                0x08007934                xTaskResumeAll
 .text.xTaskIncrementTick
                0x08007a4c      0x168 Middlewares\Third_Party\FreeRTOS\Source\tasks.o
                0x08007a4c                xTaskIncrementTick
 .text.vTaskSwitchContext
                0x08007bb4       0xa4 Middlewares\Third_Party\FreeRTOS\Source\tasks.o
                0x08007bb4                vTaskSwitchContext
 .text.vTaskPlaceOnEventList
                0x08007c58       0x3c Middlewares\Third_Party\FreeRTOS\Source\tasks.o
                0x08007c58                vTaskPlaceOnEventList
 .text.xTaskRemoveFromEventList
                0x08007c94       0xb8 Middlewares\Third_Party\FreeRTOS\Source\tasks.o
                0x08007c94                xTaskRemoveFromEventList
 .text.vTaskSetTimeOutState
                0x08007d4c       0x34 Middlewares\Third_Party\FreeRTOS\Source\tasks.o
                0x08007d4c                vTaskSetTimeOutState
 .text.xTaskCheckForTimeOut
                0x08007d80       0x9c Middlewares\Third_Party\FreeRTOS\Source\tasks.o
                0x08007d80                xTaskCheckForTimeOut
 .text.vTaskMissedYield
                0x08007e1c       0x14 Middlewares\Third_Party\FreeRTOS\Source\tasks.o
                0x08007e1c                vTaskMissedYield
 .text.prvIdleTask
                0x08007e30       0x20 Middlewares\Third_Party\FreeRTOS\Source\tasks.o
 .text.prvInitialiseTaskLists
                0x08007e50       0x88 Middlewares\Third_Party\FreeRTOS\Source\tasks.o
 .text.prvCheckTasksWaitingTermination
                0x08007ed8       0x74 Middlewares\Third_Party\FreeRTOS\Source\tasks.o
 .text.prvDeleteTCB
                0x08007f4c       0x22 Middlewares\Third_Party\FreeRTOS\Source\tasks.o
 *fill*         0x08007f6e        0x2 
 .text.prvResetNextTaskUnblockTime
                0x08007f70       0x48 Middlewares\Third_Party\FreeRTOS\Source\tasks.o
 .text.xTaskGetSchedulerState
                0x08007fb8       0x38 Middlewares\Third_Party\FreeRTOS\Source\tasks.o
                0x08007fb8                xTaskGetSchedulerState
 .text.vTaskPriorityInherit
                0x08007ff0       0xbc Middlewares\Third_Party\FreeRTOS\Source\tasks.o
                0x08007ff0                vTaskPriorityInherit
 .text.xTaskPriorityDisinherit
                0x080080ac       0xb8 Middlewares\Third_Party\FreeRTOS\Source\tasks.o
                0x080080ac                xTaskPriorityDisinherit
 .text.pvTaskIncrementMutexHeldCount
                0x08008164       0x24 Middlewares\Third_Party\FreeRTOS\Source\tasks.o
                0x08008164                pvTaskIncrementMutexHeldCount
 .text.prvAddCurrentTaskToDelayedList
                0x08008188       0xa8 Middlewares\Third_Party\FreeRTOS\Source\tasks.o
 .text.main     0x08008230       0x8c Src\main.o
                0x08008230                main
 .text._Z18SystemClock_Configv
                0x080082bc       0xd0 Src\main.o
                0x080082bc                SystemClock_Config()
 .text._ZL11MX_CAN_Initv
                0x0800838c       0x74 Src\main.o
 .text._ZL12MX_GPIO_Initv
                0x08008400      0x110 Src\main.o
 .text._Z17ledToggleTaskFuncPKv
                0x08008510       0x64 Src\main.o
                0x08008510                ledToggleTaskFunc(void const*)
 .text._Z12uartTaskFuncPKv
                0x08008574       0x28 Src\main.o
                0x08008574                uartTaskFunc(void const*)
 .text.HAL_TIM_PeriodElapsedCallback
                0x0800859c       0x24 Src\main.o
                0x0800859c                HAL_TIM_PeriodElapsedCallback
 .text.Error_Handler
                0x080085c0        0xa Src\main.o
                0x080085c0                Error_Handler
 *fill*         0x080085ca        0x2 
 .text.HAL_MspInit
                0x080085cc       0x54 Src\stm32f0xx_hal_msp.o
                0x080085cc                HAL_MspInit
 .text.HAL_CAN_MspInit
                0x08008620       0xa8 Src\stm32f0xx_hal_msp.o
                0x08008620                HAL_CAN_MspInit
 .text.HAL_InitTick
                0x080086c8       0xbc Src\stm32f0xx_hal_timebase_tim.o
                0x080086c8                HAL_InitTick
 .text.NMI_Handler
                0x08008784        0xa Src\stm32f0xx_it.o
                0x08008784                NMI_Handler
 .text.HardFault_Handler
                0x0800878e        0x6 Src\stm32f0xx_it.o
                0x0800878e                HardFault_Handler
 .text.TIM1_BRK_UP_TRG_COM_IRQHandler
                0x08008794       0x18 Src\stm32f0xx_it.o
                0x08008794                TIM1_BRK_UP_TRG_COM_IRQHandler
 .text.USB_IRQHandler
                0x080087ac       0x18 Src\stm32f0xx_it.o
                0x080087ac                USB_IRQHandler
 .text._ZN7num2strIaE6getStrEaPch
                0x080087c4       0x32 Src\supportLib\cString.o
                0x080087c4                num2str<signed char>::getStr(signed char, char*, unsigned char)
 .text._ZN7num2strIhE6getStrEhPch
                0x080087f6       0x30 Src\supportLib\cString.o
                0x080087f6                num2str<unsigned char>::getStr(unsigned char, char*, unsigned char)
 .text._ZN7cStringC2EPct
                0x08008826       0x2c Src\supportLib\cString.o
                0x08008826                cString::cString(char*, unsigned short)
                0x08008826                cString::cString(char*, unsigned short)
 .text._ZN7cString9addInt8_tEah
                0x08008852       0x5a Src\supportLib\cString.o
                0x08008852                cString::addInt8_t(signed char, unsigned char)
 .text._ZN7cString10addUint8_tEhh
                0x080088ac       0x58 Src\supportLib\cString.o
                0x080088ac                cString::addUint8_t(unsigned char, unsigned char)
 .text._ZN7cString7addCharEc
                0x08008904       0x62 Src\supportLib\cString.o
                0x08008904                cString::addChar(char)
 .text._ZN7cString9addStringEPc
                0x08008966       0x62 Src\supportLib\cString.o
                0x08008966                cString::addString(char*)
 .text._ZN7cStringpLEPc
                0x080089c8       0x20 Src\supportLib\cString.o
                0x080089c8                cString::operator+=(char*)
 .text._ZN11num2strBaseIaE4itoaEaPch
                0x080089e8      0x164 Src\supportLib\cString.o
                0x080089e8                num2strBase<signed char>::itoa(signed char, char*, unsigned char)
 .text._ZN11num2strBaseIhE4itoaEhPch
                0x08008b4c      0x128 Src\supportLib\cString.o
                0x08008b4c                num2strBase<unsigned char>::itoa(unsigned char, char*, unsigned char)
 .text._ZN7cString7getSizeEv
                0x08008c74       0x14 Src\supportLib\control.o
                0x08008c74                cString::getSize()
 .text._ZN7str2numImE8getNumExEPmPchh
                0x08008c88       0x32 Src\supportLib\control.o
                0x08008c88                str2num<unsigned long>::getNumEx(unsigned long*, char*, unsigned char, unsigned char)
 .text._ZN7controlC2Ev
                0x08008cba       0x12 Src\supportLib\control.o
                0x08008cba                control::control()
                0x08008cba                control::control()
 .text._ZN7control11enableRelayEh
                0x08008ccc       0x6c Src\supportLib\control.o
                0x08008ccc                control::enableRelay(unsigned char)
 .text._ZN7control12disableRelayEh
                0x08008d38       0x74 Src\supportLib\control.o
                0x08008d38                control::disableRelay(unsigned char)
 .text._ZN7control14isRelayEnabledEh
                0x08008dac       0x88 Src\supportLib\control.o
                0x08008dac                control::isRelayEnabled(unsigned char)
 .text._ZN7control12configurePinEhNS_8ePinModeENS_8ePinPushE
                0x08008e34       0xe0 Src\supportLib\control.o
                0x08008e34                control::configurePin(unsigned char, control::ePinMode, control::ePinPush)
 .text._ZN7control11controllPinEhh
                0x08008f14      0x124 Src\supportLib\control.o
                0x08008f14                control::controllPin(unsigned char, unsigned char)
 .text._ZN7control17controllPinSetBinEt
                0x08009038       0x92 Src\supportLib\control.o
                0x08009038                control::controllPinSetBin(unsigned short)
 .text._ZN7control20controllPinEnableBinEt
                0x080090ca       0x80 Src\supportLib\control.o
                0x080090ca                control::controllPinEnableBin(unsigned short)
 .text._ZN7control21controllPinDisableBinEt
                0x0800914a       0x80 Src\supportLib\control.o
                0x0800914a                control::controllPinDisableBin(unsigned short)
 *fill*         0x080091ca        0x2 
 .text._ZN7control10reportPinsEh
                0x080091cc      0x1d4 Src\supportLib\control.o
                0x080091cc                control::reportPins(unsigned char)
 .text._ZN7control9reportBinEv
                0x080093a0       0xf0 Src\supportLib\control.o
                0x080093a0                control::reportBin()
 .text._ZN7control6cyclicEv
                0x08009490      0x578 Src\supportLib\control.o
                0x08009490                control::cyclic()
 .text._ZN11str2numBaseImE10str2uintExEPmPcth
                0x08009a08      0x120 Src\supportLib\control.o
                0x08009a08                str2numBase<unsigned long>::str2uintEx(unsigned long*, char*, unsigned short, unsigned char)
 .text._ZN11parseStringILt0EEC2Ev
                0x08009b28       0x12 Src\supportLib\control.o
                0x08009b28                parseString<(unsigned short)0>::parseString()
                0x08009b28                parseString<(unsigned short)0>::parseString()
 .text._ZN11parseStringILt0EE4InitEPct
                0x08009b3a       0x34 Src\supportLib\control.o
                0x08009b3a                parseString<(unsigned short)0>::Init(char*, unsigned short)
 .text._ZN11parseStringILt0EE14strcmpAndShiftEPKct
                0x08009b6e       0x66 Src\supportLib\control.o
                0x08009b6e                parseString<(unsigned short)0>::strcmpAndShift(char const*, unsigned short)
 .text._ZN11parseStringILt0EE8findNextEPKch
                0x08009bd4       0x62 Src\supportLib\control.o
                0x08009bd4                parseString<(unsigned short)0>::findNext(char const*, unsigned char)
 .text._ZN11parseStringILt0EE7getUintEcc
                0x08009c36       0x5a Src\supportLib\control.o
                0x08009c36                parseString<(unsigned short)0>::getUint(char, char)
 .text._ZN11parseStringILt0EE6getStrEPchcc
                0x08009c90       0x34 Src\supportLib\control.o
                0x08009c90                parseString<(unsigned short)0>::getStr(char*, unsigned char, char, char)
 .text._ZN11parseStringILt0EE5resetEv
                0x08009cc4       0x20 Src\supportLib\control.o
                0x08009cc4                parseString<(unsigned short)0>::reset()
 .text._ZN11parseStringILt0EE7isOneOfEcPKch
                0x08009ce4       0x70 Src\supportLib\control.o
                0x08009ce4                parseString<(unsigned short)0>::isOneOf(char, char const*, unsigned char)
 .text._ZN11parseStringILt0EE10extractStrEPccc
                0x08009d54      0x120 Src\supportLib\control.o
                0x08009d54                parseString<(unsigned short)0>::extractStr(char*, char, char)
 .text._ZN11parseStringILt0EE6strlenEPKc
                0x08009e74       0x2c Src\supportLib\control.o
                0x08009e74                parseString<(unsigned short)0>::strlen(char const*)
 .text.SystemInit
                0x08009ea0       0x88 Src\system_stm32f0xx.o
                0x08009ea0                SystemInit
 .text.MX_USB_DEVICE_Init
                0x08009f28       0x48 Src\usb_device.o
                0x08009f28                MX_USB_DEVICE_Init
 .text.CDC_Init_FS
                0x08009f70       0x30 Src\usbd_cdc_if.o
 .text.CDC_DeInit_FS
                0x08009fa0        0xc Src\usbd_cdc_if.o
 .text.CDC_Control_FS
                0x08009fac       0x38 Src\usbd_cdc_if.o
 .text.CDC_Receive_FS
                0x08009fe4       0x8c Src\usbd_cdc_if.o
 .text.CDC_Transmit_FS
                0x0800a070       0x60 Src\usbd_cdc_if.o
                0x0800a070                CDC_Transmit_FS
 .text.HAL_PCD_MspInit
                0x0800a0d0       0x50 Src\usbd_conf.o
                0x0800a0d0                HAL_PCD_MspInit
 .text.HAL_PCD_SetupStageCallback
                0x0800a120       0x26 Src\usbd_conf.o
                0x0800a120                HAL_PCD_SetupStageCallback
 .text.HAL_PCD_DataOutStageCallback
                0x0800a146       0x42 Src\usbd_conf.o
                0x0800a146                HAL_PCD_DataOutStageCallback
 .text.HAL_PCD_DataInStageCallback
                0x0800a188       0x3c Src\usbd_conf.o
                0x0800a188                HAL_PCD_DataInStageCallback
 .text.HAL_PCD_SOFCallback
                0x0800a1c4       0x1e Src\usbd_conf.o
                0x0800a1c4                HAL_PCD_SOFCallback
 .text.HAL_PCD_ResetCallback
                0x0800a1e2       0x58 Src\usbd_conf.o
                0x0800a1e2                HAL_PCD_ResetCallback
 *fill*         0x0800a23a        0x2 
 .text.HAL_PCD_SuspendCallback
                0x0800a23c       0x38 Src\usbd_conf.o
                0x0800a23c                HAL_PCD_SuspendCallback
 .text.HAL_PCD_ResumeCallback
                0x0800a274       0x3c Src\usbd_conf.o
                0x0800a274                HAL_PCD_ResumeCallback
 .text.USBD_LL_Init
                0x0800a2b0       0xcc Src\usbd_conf.o
                0x0800a2b0                USBD_LL_Init
 .text.USBD_LL_Start
                0x0800a37c       0x8a Src\usbd_conf.o
                0x0800a37c                USBD_LL_Start
 .text.USBD_LL_OpenEP
                0x0800a406       0xae Src\usbd_conf.o
                0x0800a406                USBD_LL_OpenEP
 .text.USBD_LL_CloseEP
                0x0800a4b4       0x96 Src\usbd_conf.o
                0x0800a4b4                USBD_LL_CloseEP
 .text.USBD_LL_StallEP
                0x0800a54a       0x96 Src\usbd_conf.o
                0x0800a54a                USBD_LL_StallEP
 .text.USBD_LL_ClearStallEP
                0x0800a5e0       0x96 Src\usbd_conf.o
                0x0800a5e0                USBD_LL_ClearStallEP
 .text.USBD_LL_IsStallEP
                0x0800a676       0x62 Src\usbd_conf.o
                0x0800a676                USBD_LL_IsStallEP
 .text.USBD_LL_SetUSBAddress
                0x0800a6d8       0x96 Src\usbd_conf.o
                0x0800a6d8                USBD_LL_SetUSBAddress
 .text.USBD_LL_Transmit
                0x0800a76e       0xae Src\usbd_conf.o
                0x0800a76e                USBD_LL_Transmit
 .text.USBD_LL_PrepareReceive
                0x0800a81c       0xae Src\usbd_conf.o
                0x0800a81c                USBD_LL_PrepareReceive
 .text.USBD_LL_GetRxDataSize
                0x0800a8ca       0x2c Src\usbd_conf.o
                0x0800a8ca                USBD_LL_GetRxDataSize
 *fill*         0x0800a8f6        0x2 
 .text.USBD_static_malloc
                0x0800a8f8       0x18 Src\usbd_conf.o
                0x0800a8f8                USBD_static_malloc
 .text.USBD_static_free
                0x0800a910       0x10 Src\usbd_conf.o
                0x0800a910                USBD_static_free
 .text.SystemClockConfig_Resume
                0x0800a920        0xa Src\usbd_conf.o
 *fill*         0x0800a92a        0x2 
 .text.USBD_FS_DeviceDescriptor
                0x0800a92c       0x24 Src\usbd_desc.o
                0x0800a92c                USBD_FS_DeviceDescriptor
 .text.USBD_FS_LangIDStrDescriptor
                0x0800a950       0x24 Src\usbd_desc.o
                0x0800a950                USBD_FS_LangIDStrDescriptor
 .text.USBD_FS_ProductStrDescriptor
                0x0800a974       0x44 Src\usbd_desc.o
                0x0800a974                USBD_FS_ProductStrDescriptor
 .text.USBD_FS_ManufacturerStrDescriptor
                0x0800a9b8       0x2c Src\usbd_desc.o
                0x0800a9b8                USBD_FS_ManufacturerStrDescriptor
 .text.USBD_FS_SerialStrDescriptor
                0x0800a9e4       0x44 Src\usbd_desc.o
                0x0800a9e4                USBD_FS_SerialStrDescriptor
 .text.USBD_FS_ConfigStrDescriptor
                0x0800aa28       0x44 Src\usbd_desc.o
                0x0800aa28                USBD_FS_ConfigStrDescriptor
 .text.USBD_FS_InterfaceStrDescriptor
                0x0800aa6c       0x44 Src\usbd_desc.o
                0x0800aa6c                USBD_FS_InterfaceStrDescriptor
 .text.Reset_Handler
                0x0800aab0       0x50 startup\startup_stm32f072xb.o
                0x0800aab0                Reset_Handler
 .text.Default_Handler
                0x0800ab00        0x2 startup\startup_stm32f072xb.o
                0x0800ab00                TIM1_CC_IRQHandler
                0x0800ab00                TSC_IRQHandler
                0x0800ab00                ADC1_COMP_IRQHandler
                0x0800ab00                I2C1_IRQHandler
                0x0800ab00                RCC_CRS_IRQHandler
                0x0800ab00                SPI1_IRQHandler
                0x0800ab00                TIM6_DAC_IRQHandler
                0x0800ab00                USART3_4_IRQHandler
                0x0800ab00                EXTI2_3_IRQHandler
                0x0800ab00                I2C2_IRQHandler
                0x0800ab00                TIM17_IRQHandler
                0x0800ab00                CEC_CAN_IRQHandler
                0x0800ab00                RTC_IRQHandler
                0x0800ab00                PVD_VDDIO2_IRQHandler
                0x0800ab00                DMA1_Channel4_5_6_7_IRQHandler
                0x0800ab00                TIM16_IRQHandler
                0x0800ab00                TIM3_IRQHandler
                0x0800ab00                EXTI4_15_IRQHandler
                0x0800ab00                DMA1_Channel1_IRQHandler
                0x0800ab00                Default_Handler
                0x0800ab00                TIM14_IRQHandler
                0x0800ab00                TIM7_IRQHandler
                0x0800ab00                TIM15_IRQHandler
                0x0800ab00                EXTI0_1_IRQHandler
                0x0800ab00                SPI2_IRQHandler
                0x0800ab00                WWDG_IRQHandler
                0x0800ab00                TIM2_IRQHandler
                0x0800ab00                DMA1_Channel2_3_IRQHandler
                0x0800ab00                USART2_IRQHandler
                0x0800ab00                FLASH_IRQHandler
                0x0800ab00                USART1_IRQHandler
 *fill*         0x0800ab02        0x2 
 .text.__libc_init_array
                0x0800ab04       0x48 c:/temp/__arm_tools/truestudio for stm32 9.1.0/armtools/bin/../lib/gcc/arm-atollic-eabi/6.3.1/../../../../arm-atollic-eabi/lib/armv6-m\libc_nano.a(lib_a-init.o)
                0x0800ab04                __libc_init_array
 .text.memcpy   0x0800ab4c       0x12 c:/temp/__arm_tools/truestudio for stm32 9.1.0/armtools/bin/../lib/gcc/arm-atollic-eabi/6.3.1/../../../../arm-atollic-eabi/lib/armv6-m\libc_nano.a(lib_a-memcpy-stub.o)
                0x0800ab4c                memcpy
 .text.memset   0x0800ab5e       0x10 c:/temp/__arm_tools/truestudio for stm32 9.1.0/armtools/bin/../lib/gcc/arm-atollic-eabi/6.3.1/../../../../arm-atollic-eabi/lib/armv6-m\libc_nano.a(lib_a-memset.o)
                0x0800ab5e                memset
 .text.abort    0x0800ab6e        0xe c:/temp/__arm_tools/truestudio for stm32 9.1.0/armtools/bin/../lib/gcc/arm-atollic-eabi/6.3.1/../../../../arm-atollic-eabi/lib/armv6-m\libc_nano.a(lib_a-abort.o)
                0x0800ab6e                abort
 .text._raise_r
                0x0800ab7c       0x54 c:/temp/__arm_tools/truestudio for stm32 9.1.0/armtools/bin/../lib/gcc/arm-atollic-eabi/6.3.1/../../../../arm-atollic-eabi/lib/armv6-m\libc_nano.a(lib_a-signal.o)
                0x0800ab7c                _raise_r
 .text.raise    0x0800abd0       0x14 c:/temp/__arm_tools/truestudio for stm32 9.1.0/armtools/bin/../lib/gcc/arm-atollic-eabi/6.3.1/../../../../arm-atollic-eabi/lib/armv6-m\libc_nano.a(lib_a-signal.o)
                0x0800abd0                raise
 .text._kill_r  0x0800abe4       0x24 c:/temp/__arm_tools/truestudio for stm32 9.1.0/armtools/bin/../lib/gcc/arm-atollic-eabi/6.3.1/../../../../arm-atollic-eabi/lib/armv6-m\libc_nano.a(lib_a-signalr.o)
                0x0800abe4                _kill_r
 .text._getpid_r
                0x0800ac08        0x8 c:/temp/__arm_tools/truestudio for stm32 9.1.0/armtools/bin/../lib/gcc/arm-atollic-eabi/6.3.1/../../../../arm-atollic-eabi/lib/armv6-m\libc_nano.a(lib_a-signalr.o)
                0x0800ac08                _getpid_r
 .text._getpid  0x0800ac10       0x10 c:/temp/__arm_tools/truestudio for stm32 9.1.0/armtools/bin/../lib/gcc/arm-atollic-eabi/6.3.1/../../../../arm-atollic-eabi/lib/armv6-m\libnosys.a(getpid.o)
                0x0800ac10                _getpid
 .text._kill    0x0800ac20       0x10 c:/temp/__arm_tools/truestudio for stm32 9.1.0/armtools/bin/../lib/gcc/arm-atollic-eabi/6.3.1/../../../../arm-atollic-eabi/lib/armv6-m\libnosys.a(kill.o)
                0x0800ac20                _kill
 .text._exit    0x0800ac30        0x2 c:/temp/__arm_tools/truestudio for stm32 9.1.0/armtools/bin/../lib/gcc/arm-atollic-eabi/6.3.1/../../../../arm-atollic-eabi/lib/armv6-m\libnosys.a(_exit.o)
                0x0800ac30                _exit
 *(.glue_7)
 .glue_7        0x0800ac32        0x0 linker stubs
 *(.glue_7t)
 .glue_7t       0x0800ac32        0x0 linker stubs
 *(.eh_frame)
 *fill*         0x0800ac32        0x2 
 .eh_frame      0x0800ac34        0x0 c:/temp/__arm_tools/truestudio for stm32 9.1.0/armtools/bin/../lib/gcc/arm-atollic-eabi/6.3.1/armv6-m/crtbegin.o
 *(.init)
 .init          0x0800ac34        0x4 c:/temp/__arm_tools/truestudio for stm32 9.1.0/armtools/bin/../lib/gcc/arm-atollic-eabi/6.3.1/armv6-m/crti.o
                0x0800ac34                _init
 .init          0x0800ac38        0x8 c:/temp/__arm_tools/truestudio for stm32 9.1.0/armtools/bin/../lib/gcc/arm-atollic-eabi/6.3.1/armv6-m/crtn.o
 *(.fini)
 .fini          0x0800ac40        0x4 c:/temp/__arm_tools/truestudio for stm32 9.1.0/armtools/bin/../lib/gcc/arm-atollic-eabi/6.3.1/armv6-m/crti.o
                0x0800ac40                _fini
 .fini          0x0800ac44        0x8 c:/temp/__arm_tools/truestudio for stm32 9.1.0/armtools/bin/../lib/gcc/arm-atollic-eabi/6.3.1/armv6-m/crtn.o
                0x0800ac4c                . = ALIGN (0x4)
                0x0800ac4c                _etext = .

.vfp11_veneer   0x0800ac4c        0x0
 .vfp11_veneer  0x0800ac4c        0x0 linker stubs

.v4_bx          0x0800ac4c        0x0
 .v4_bx         0x0800ac4c        0x0 linker stubs

.iplt           0x0800ac4c        0x0
 .iplt          0x0800ac4c        0x0 c:/temp/__arm_tools/truestudio for stm32 9.1.0/armtools/bin/../lib/gcc/arm-atollic-eabi/6.3.1/armv6-m/crtbegin.o

.rodata         0x0800ac4c      0x364
                0x0800ac4c                . = ALIGN (0x4)
 *(.rodata)
 .rodata        0x0800ac4c       0x20 Drivers\STM32F0xx_HAL_Driver\Src\stm32f0xx_hal_rcc.o
 .rodata        0x0800ac6c        0x5 Middlewares\Third_Party\FreeRTOS\Source\tasks.o
 *fill*         0x0800ac71        0x3 
 .rodata        0x0800ac74       0x4c Src\main.o
 .rodata        0x0800acc0      0x18e Src\supportLib\control.o
 *fill*         0x0800ae4e        0x2 
 .rodata        0x0800ae50       0x56 Src\usbd_desc.o
 *(.rodata*)
 *fill*         0x0800aea6        0x2 
 .rodata.USBD_StdDevReq
                0x0800aea8       0x28 Middlewares\ST\STM32_USB_Device_Library\Core\Src\usbd_ctlreq.o
 .rodata.USBD_GetDescriptor
                0x0800aed0       0x38 Middlewares\ST\STM32_USB_Device_Library\Core\Src\usbd_ctlreq.o
 .rodata.AHBPrescTable
                0x0800af08       0x10 Src\system_stm32f0xx.o
                0x0800af08                AHBPrescTable
 .rodata.APBPrescTable
                0x0800af18        0x8 Src\system_stm32f0xx.o
                0x0800af18                APBPrescTable
 .rodata.CDC_Control_FS
                0x0800af20       0x90 Src\usbd_cdc_if.o
                0x0800afb0                . = ALIGN (0x4)

.ARM.extab      0x0800afb0       0xfc
 *(.ARM.extab* .gnu.linkonce.armextab.*)
 .ARM.extab.text.main
                0x0800afb0        0xc Src\main.o
 .ARM.extab.text._Z18SystemClock_Configv
                0x0800afbc        0xc Src\main.o
 .ARM.extab.text._ZL12MX_GPIO_Initv
                0x0800afc8        0xc Src\main.o
 .ARM.extab.text._Z17ledToggleTaskFuncPKv
                0x0800afd4        0xc Src\main.o
 .ARM.extab.text._Z12uartTaskFuncPKv
                0x0800afe0        0xc Src\main.o
 .ARM.extab.text.HAL_TIM_PeriodElapsedCallback
                0x0800afec        0xc Src\main.o
 .ARM.extab.text._ZN11num2strBaseIaE4itoaEaPch
                0x0800aff8        0x0 Src\supportLib\cString.o
 .ARM.extab.text._ZN11num2strBaseIhE4itoaEhPch
                0x0800aff8        0x0 Src\supportLib\cString.o
 .ARM.extab.text._ZN7cString7getSizeEv
                0x0800aff8        0x0 Src\supportLib\control.o
 .ARM.extab.text._ZN7control11enableRelayEh
                0x0800aff8        0xc Src\supportLib\control.o
 .ARM.extab.text._ZN7control12disableRelayEh
                0x0800b004        0xc Src\supportLib\control.o
 .ARM.extab.text._ZN7control14isRelayEnabledEh
                0x0800b010        0xc Src\supportLib\control.o
 .ARM.extab.text._ZN7control12configurePinEhNS_8ePinModeENS_8ePinPushE
                0x0800b01c        0xc Src\supportLib\control.o
 .ARM.extab.text._ZN7control11controllPinEhh
                0x0800b028        0xc Src\supportLib\control.o
 .ARM.extab.text._ZN7control17controllPinSetBinEt
                0x0800b034        0xc Src\supportLib\control.o
 .ARM.extab.text._ZN7control20controllPinEnableBinEt
                0x0800b040        0xc Src\supportLib\control.o
 .ARM.extab.text._ZN7control21controllPinDisableBinEt
                0x0800b04c        0xc Src\supportLib\control.o
 .ARM.extab.text._ZN7control10reportPinsEh
                0x0800b058        0xc Src\supportLib\control.o
 .ARM.extab.text._ZN7control9reportBinEv
                0x0800b064        0xc Src\supportLib\control.o
 .ARM.extab.text._ZN7control6cyclicEv
                0x0800b070        0xc Src\supportLib\control.o
 .ARM.extab.text._ZN11str2numBaseImE10str2uintExEPmPcth
                0x0800b07c        0x0 Src\supportLib\control.o
 .ARM.extab.text._ZN11parseStringILt0EEC2Ev
                0x0800b07c        0x0 Src\supportLib\control.o
 .ARM.extab.text._ZN11parseStringILt0EE4InitEPct
                0x0800b07c        0x0 Src\supportLib\control.o
 .ARM.extab.text._ZN11parseStringILt0EE14strcmpAndShiftEPKct
                0x0800b07c        0x0 Src\supportLib\control.o
 .ARM.extab.text._ZN11parseStringILt0EE8findNextEPKch
                0x0800b07c        0x0 Src\supportLib\control.o
 .ARM.extab.text._ZN11parseStringILt0EE7getUintEcc
                0x0800b07c        0x0 Src\supportLib\control.o
 .ARM.extab.text._ZN11parseStringILt0EE6getStrEPchcc
                0x0800b07c        0x0 Src\supportLib\control.o
 .ARM.extab.text._ZN11parseStringILt0EE5resetEv
                0x0800b07c        0x0 Src\supportLib\control.o
 .ARM.extab.text._ZN11parseStringILt0EE7isOneOfEcPKch
                0x0800b07c        0x0 Src\supportLib\control.o
 .ARM.extab.text._ZN11parseStringILt0EE10extractStrEPccc
                0x0800b07c        0x0 Src\supportLib\control.o
 .ARM.extab.text._ZN11parseStringILt0EE6strlenEPKc
                0x0800b07c        0x0 Src\supportLib\control.o
 .ARM.extab     0x0800b07c       0x24 c:/temp/__arm_tools/truestudio for stm32 9.1.0/armtools/bin/../lib/gcc/arm-atollic-eabi/6.3.1/armv6-m\libgcc.a(unwind-arm.o)
 .ARM.extab     0x0800b0a0        0xc c:/temp/__arm_tools/truestudio for stm32 9.1.0/armtools/bin/../lib/gcc/arm-atollic-eabi/6.3.1/armv6-m\libgcc.a(pr-support.o)

.ARM            0x0800b0ac      0x168
                0x0800b0ac                __exidx_start = .
 *(.ARM.exidx*)
 .ARM.exidx.text.main
                0x0800b174        0x8 Src\main.o
 .ARM.exidx.text._Z18SystemClock_Configv
                0x0800b17c        0x8 Src\main.o
 .ARM.exidx.text._ZL11MX_CAN_Initv
                0x0800b184        0x8 Src\main.o
 .ARM.exidx.text._ZL12MX_GPIO_Initv
                0x0800b18c        0x8 Src\main.o
 .ARM.exidx.text._Z17ledToggleTaskFuncPKv
                0x0800b194        0x8 Src\main.o
 .ARM.exidx.text._Z12uartTaskFuncPKv
                0x0800b19c        0x8 Src\main.o
 .ARM.exidx.text.HAL_TIM_PeriodElapsedCallback
                0x0800b1a4        0x8 Src\main.o
 .ARM.exidx.text.Error_Handler
                0x0800b1ac        0x8 Src\main.o
 .ARM.exidx.text._ZN7num2strIaE6getStrEaPch
                0x0800b1b4        0x0 Src\supportLib\cString.o
                                  0x8 (size before relaxing)
 .ARM.exidx.text._ZN7num2strIhE6getStrEhPch
                0x0800b1b4        0x0 Src\supportLib\cString.o
                                  0x8 (size before relaxing)
 .ARM.exidx.text._ZN7cStringC2EPct
                0x0800b1b4        0x0 Src\supportLib\cString.o
                                  0x8 (size before relaxing)
 .ARM.exidx.text._ZN7cString9addInt8_tEah
                0x0800b1b4        0x0 Src\supportLib\cString.o
                                  0x8 (size before relaxing)
 .ARM.exidx.text._ZN7cString10addUint8_tEhh
                0x0800b1b4        0x0 Src\supportLib\cString.o
                                  0x8 (size before relaxing)
 .ARM.exidx.text._ZN7cString7addCharEc
                0x0800b1b4        0x0 Src\supportLib\cString.o
                                  0x8 (size before relaxing)
 .ARM.exidx.text._ZN7cString9addStringEPc
                0x0800b1b4        0x0 Src\supportLib\cString.o
                                  0x8 (size before relaxing)
 .ARM.exidx.text._ZN7cStringpLEPc
                0x0800b1b4        0x0 Src\supportLib\cString.o
                                  0x8 (size before relaxing)
 .ARM.exidx.text._ZN11num2strBaseIaE4itoaEaPch
                0x0800b1b4        0x0 Src\supportLib\cString.o
                                  0x8 (size before relaxing)
 .ARM.exidx.text._ZN11num2strBaseIhE4itoaEhPch
                0x0800b1b4        0x0 Src\supportLib\cString.o
                                  0x8 (size before relaxing)
 .ARM.exidx.text._ZN7cString7getSizeEv
                0x0800b1b4        0x0 Src\supportLib\control.o
                                  0x8 (size before relaxing)
 .ARM.exidx.text._ZN7str2numImE8getNumExEPmPchh
                0x0800b1b4        0x0 Src\supportLib\control.o
                                  0x8 (size before relaxing)
 .ARM.exidx.text._ZN7controlC2Ev
                0x0800b1b4        0x0 Src\supportLib\control.o
                                  0x8 (size before relaxing)
 .ARM.exidx.text._ZN7control11enableRelayEh
                0x0800b1b4        0x8 Src\supportLib\control.o
 .ARM.exidx.text._ZN7control12disableRelayEh
                0x0800b1bc        0x8 Src\supportLib\control.o
 .ARM.exidx.text._ZN7control14isRelayEnabledEh
                0x0800b1c4        0x8 Src\supportLib\control.o
 .ARM.exidx.text._ZN7control12configurePinEhNS_8ePinModeENS_8ePinPushE
                0x0800b1cc        0x8 Src\supportLib\control.o
 .ARM.exidx.text._ZN7control11controllPinEhh
                0x0800b1d4        0x8 Src\supportLib\control.o
 .ARM.exidx.text._ZN7control17controllPinSetBinEt
                0x0800b1dc        0x8 Src\supportLib\control.o
 .ARM.exidx.text._ZN7control20controllPinEnableBinEt
                0x0800b1e4        0x8 Src\supportLib\control.o
 .ARM.exidx.text._ZN7control21controllPinDisableBinEt
                0x0800b1ec        0x8 Src\supportLib\control.o
 .ARM.exidx.text._ZN7control10reportPinsEh
                0x0800b1f4        0x8 Src\supportLib\control.o
 .ARM.exidx.text._ZN7control9reportBinEv
                0x0800b1fc        0x8 Src\supportLib\control.o
 .ARM.exidx.text._ZN7control6cyclicEv
                0x0800b204        0x8 Src\supportLib\control.o
 .ARM.exidx.text._ZN11str2numBaseImE10str2uintExEPmPcth
                0x0800b20c        0x8 Src\supportLib\control.o
 .ARM.exidx.text._ZN11parseStringILt0EEC2Ev
                0x0800b214        0x0 Src\supportLib\control.o
                                  0x8 (size before relaxing)
 .ARM.exidx.text._ZN11parseStringILt0EE4InitEPct
                0x0800b214        0x0 Src\supportLib\control.o
                                  0x8 (size before relaxing)
 .ARM.exidx.text._ZN11parseStringILt0EE14strcmpAndShiftEPKct
                0x0800b214        0x0 Src\supportLib\control.o
                                  0x8 (size before relaxing)
 .ARM.exidx.text._ZN11parseStringILt0EE8findNextEPKch
                0x0800b214        0x0 Src\supportLib\control.o
                                  0x8 (size before relaxing)
 .ARM.exidx.text._ZN11parseStringILt0EE7getUintEcc
                0x0800b214        0x0 Src\supportLib\control.o
                                  0x8 (size before relaxing)
 .ARM.exidx.text._ZN11parseStringILt0EE6getStrEPchcc
                0x0800b214        0x0 Src\supportLib\control.o
                                  0x8 (size before relaxing)
 .ARM.exidx.text._ZN11parseStringILt0EE5resetEv
                0x0800b214        0x0 Src\supportLib\control.o
                                  0x8 (size before relaxing)
 .ARM.exidx.text._ZN11parseStringILt0EE7isOneOfEcPKch
                0x0800b214        0x0 Src\supportLib\control.o
                                  0x8 (size before relaxing)
 .ARM.exidx.text._ZN11parseStringILt0EE10extractStrEPccc
                0x0800b214        0x0 Src\supportLib\control.o
                                  0x8 (size before relaxing)
 .ARM.exidx.text._ZN11parseStringILt0EE6strlenEPKc
                0x0800b214        0x0 Src\supportLib\control.o
                                  0x8 (size before relaxing)
 .ARM.exidx     0x0800b0ac       0x98 c:/temp/__arm_tools/truestudio for stm32 9.1.0/armtools/bin/../lib/gcc/arm-atollic-eabi/6.3.1/armv6-m\libgcc.a(unwind-arm.o)
                                 0xd8 (size before relaxing)
 .ARM.exidx     0x0800b144       0x30 c:/temp/__arm_tools/truestudio for stm32 9.1.0/armtools/bin/../lib/gcc/arm-atollic-eabi/6.3.1/armv6-m\libgcc.a(pr-support.o)
                                 0x48 (size before relaxing)
                0x0800b214                __exidx_end = .

.rel.dyn        0x0800b214        0x0
 .rel.iplt      0x0800b214        0x0 c:/temp/__arm_tools/truestudio for stm32 9.1.0/armtools/bin/../lib/gcc/arm-atollic-eabi/6.3.1/armv6-m/crtbegin.o

.preinit_array  0x0800b214        0x0
                0x0800b214                PROVIDE (__preinit_array_start, .)
 *(.preinit_array*)
                0x0800b214                PROVIDE (__preinit_array_end, .)

.init_array     0x0800b214        0x4
                0x0800b214                PROVIDE (__init_array_start, .)
 *(SORT(.init_array.*))
 *(.init_array*)
 .init_array    0x0800b214        0x4 c:/temp/__arm_tools/truestudio for stm32 9.1.0/armtools/bin/../lib/gcc/arm-atollic-eabi/6.3.1/armv6-m/crtbegin.o
                0x0800b218                PROVIDE (__init_array_end, .)

.fini_array     0x0800b218        0x4
                [!provide]                PROVIDE (__fini_array_start, .)
 *(SORT(.fini_array.*))
 *(.fini_array*)
 .fini_array    0x0800b218        0x4 c:/temp/__arm_tools/truestudio for stm32 9.1.0/armtools/bin/../lib/gcc/arm-atollic-eabi/6.3.1/armv6-m/crtbegin.o
                [!provide]                PROVIDE (__fini_array_end, .)
                0x0800b21c                _sidata = LOADADDR (.data)

.data           0x20000000      0x2f8 load address 0x0800b21c
                0x20000000                . = ALIGN (0x4)
                0x20000000                _sdata = .
 *(.data)
 .data          0x20000000      0x138 Src\supportLib\control.o
                0x20000000                infoArray
                0x20000008                control::pinModeConv
                0x20000014                control::pinPushConv
                0x20000020                control::pinsConfig
 *(.data*)
 .data.USBD_CDC_DeviceQualifierDesc
                0x20000138        0xa Middlewares\ST\STM32_USB_Device_Library\Class\CDC\Src\usbd_cdc.o
 *fill*         0x20000142        0x2 
 .data.USBD_CDC
                0x20000144       0x38 Middlewares\ST\STM32_USB_Device_Library\Class\CDC\Src\usbd_cdc.o
                0x20000144                USBD_CDC
 .data.USBD_CDC_CfgHSDesc
                0x2000017c       0x43 Middlewares\ST\STM32_USB_Device_Library\Class\CDC\Src\usbd_cdc.o
                0x2000017c                USBD_CDC_CfgHSDesc
 *fill*         0x200001bf        0x1 
 .data.USBD_CDC_CfgFSDesc
                0x200001c0       0x43 Middlewares\ST\STM32_USB_Device_Library\Class\CDC\Src\usbd_cdc.o
                0x200001c0                USBD_CDC_CfgFSDesc
 *fill*         0x20000203        0x1 
 .data.USBD_CDC_OtherSpeedCfgDesc
                0x20000204       0x43 Middlewares\ST\STM32_USB_Device_Library\Class\CDC\Src\usbd_cdc.o
                0x20000204                USBD_CDC_OtherSpeedCfgDesc
 *fill*         0x20000247        0x1 
 .data.uxCriticalNesting
                0x20000248        0x4 Middlewares\Third_Party\FreeRTOS\Source\portable\GCC\ARM_CM0\port.o
 .data.SystemCoreClock
                0x2000024c        0x4 Src\system_stm32f0xx.o
                0x2000024c                SystemCoreClock
 .data.USBD_Interface_fops_FS
                0x20000250       0x10 Src\usbd_cdc_if.o
                0x20000250                USBD_Interface_fops_FS
 .data.FS_Desc  0x20000260       0x1c Src\usbd_desc.o
                0x20000260                FS_Desc
 .data.USBD_FS_DeviceDesc
                0x2000027c       0x12 Src\usbd_desc.o
                0x2000027c                USBD_FS_DeviceDesc
 *fill*         0x2000028e        0x2 
 .data.USBD_LangIDDesc
                0x20000290        0x4 Src\usbd_desc.o
                0x20000290                USBD_LangIDDesc
 .data._impure_ptr
                0x20000294        0x4 c:/temp/__arm_tools/truestudio for stm32 9.1.0/armtools/bin/../lib/gcc/arm-atollic-eabi/6.3.1/../../../../arm-atollic-eabi/lib/armv6-m\libc_nano.a(lib_a-impure.o)
                0x20000294                _impure_ptr
 .data.impure_data
                0x20000298       0x60 c:/temp/__arm_tools/truestudio for stm32 9.1.0/armtools/bin/../lib/gcc/arm-atollic-eabi/6.3.1/../../../../arm-atollic-eabi/lib/armv6-m\libc_nano.a(lib_a-impure.o)
                0x200002f8                . = ALIGN (0x4)
                0x200002f8                _edata = .

.igot.plt       0x200002f8        0x0 load address 0x0800b514
 .igot.plt      0x200002f8        0x0 c:/temp/__arm_tools/truestudio for stm32 9.1.0/armtools/bin/../lib/gcc/arm-atollic-eabi/6.3.1/armv6-m/crtbegin.o
                0x200002f8                . = ALIGN (0x4)

.bss            0x200002f8     0x1e30 load address 0x0800b514
                0x200002f8                _sbss = .
                0x200002f8                __bss_start__ = _sbss
 *(.bss)
 .bss           0x200002f8       0x1c c:/temp/__arm_tools/truestudio for stm32 9.1.0/armtools/bin/../lib/gcc/arm-atollic-eabi/6.3.1/armv6-m/crtbegin.o
 .bss           0x20000314       0x50 Src\main.o
                0x20000314                hcan
                0x20000358                ledToggleTaskHandle
                0x2000035c                uartTaskHandle
                0x20000360                cdcDataHandle
 *(.bss*)
 .bss.ifalt.8042
                0x20000364        0x1 Middlewares\ST\STM32_USB_Device_Library\Class\CDC\Src\usbd_cdc.o
 .bss.cfgidx.8047
                0x20000365        0x1 Middlewares\ST\STM32_USB_Device_Library\Core\Src\usbd_ctlreq.o
 *fill*         0x20000366        0x2 
 .bss.ucHeap    0x20000368      0xc00 Middlewares\Third_Party\FreeRTOS\Source\portable\MemMang\heap_4.o
 .bss.xStart    0x20000f68        0x8 Middlewares\Third_Party\FreeRTOS\Source\portable\MemMang\heap_4.o
 .bss.pxEnd     0x20000f70        0x4 Middlewares\Third_Party\FreeRTOS\Source\portable\MemMang\heap_4.o
 .bss.xFreeBytesRemaining
                0x20000f74        0x4 Middlewares\Third_Party\FreeRTOS\Source\portable\MemMang\heap_4.o
 .bss.xMinimumEverFreeBytesRemaining
                0x20000f78        0x4 Middlewares\Third_Party\FreeRTOS\Source\portable\MemMang\heap_4.o
 .bss.xBlockAllocatedBit
                0x20000f7c        0x4 Middlewares\Third_Party\FreeRTOS\Source\portable\MemMang\heap_4.o
 .bss.pxCurrentTCB
                0x20000f80        0x4 Middlewares\Third_Party\FreeRTOS\Source\tasks.o
                0x20000f80                pxCurrentTCB
 .bss.pxReadyTasksLists
                0x20000f84       0x8c Middlewares\Third_Party\FreeRTOS\Source\tasks.o
 .bss.xDelayedTaskList1
                0x20001010       0x14 Middlewares\Third_Party\FreeRTOS\Source\tasks.o
 .bss.xDelayedTaskList2
                0x20001024       0x14 Middlewares\Third_Party\FreeRTOS\Source\tasks.o
 .bss.pxDelayedTaskList
                0x20001038        0x4 Middlewares\Third_Party\FreeRTOS\Source\tasks.o
 .bss.pxOverflowDelayedTaskList
                0x2000103c        0x4 Middlewares\Third_Party\FreeRTOS\Source\tasks.o
 .bss.xPendingReadyList
                0x20001040       0x14 Middlewares\Third_Party\FreeRTOS\Source\tasks.o
 .bss.xTasksWaitingTermination
                0x20001054       0x14 Middlewares\Third_Party\FreeRTOS\Source\tasks.o
 .bss.uxDeletedTasksWaitingCleanUp
                0x20001068        0x4 Middlewares\Third_Party\FreeRTOS\Source\tasks.o
 .bss.xSuspendedTaskList
                0x2000106c       0x14 Middlewares\Third_Party\FreeRTOS\Source\tasks.o
 .bss.uxCurrentNumberOfTasks
                0x20001080        0x4 Middlewares\Third_Party\FreeRTOS\Source\tasks.o
 .bss.xTickCount
                0x20001084        0x4 Middlewares\Third_Party\FreeRTOS\Source\tasks.o
 .bss.uxTopReadyPriority
                0x20001088        0x4 Middlewares\Third_Party\FreeRTOS\Source\tasks.o
 .bss.xSchedulerRunning
                0x2000108c        0x4 Middlewares\Third_Party\FreeRTOS\Source\tasks.o
 .bss.uxPendedTicks
                0x20001090        0x4 Middlewares\Third_Party\FreeRTOS\Source\tasks.o
 .bss.xYieldPending
                0x20001094        0x4 Middlewares\Third_Party\FreeRTOS\Source\tasks.o
 .bss.xNumOfOverflows
                0x20001098        0x4 Middlewares\Third_Party\FreeRTOS\Source\tasks.o
 .bss.uxTaskNumber
                0x2000109c        0x4 Middlewares\Third_Party\FreeRTOS\Source\tasks.o
 .bss.xNextTaskUnblockTime
                0x200010a0        0x4 Middlewares\Third_Party\FreeRTOS\Source\tasks.o
 .bss.xIdleTaskHandle
                0x200010a4        0x4 Middlewares\Third_Party\FreeRTOS\Source\tasks.o
 .bss.uxSchedulerSuspended
                0x200010a8        0x4 Middlewares\Third_Party\FreeRTOS\Source\tasks.o
 .bss.mem.8204  0x200010ac      0x220 Src\usbd_conf.o
 *(COMMON)
 COMMON         0x200012cc        0x4 Drivers\STM32F0xx_HAL_Driver\Src\stm32f0xx_hal.o
                0x200012cc                uwTick
 COMMON         0x200012d0       0x40 Src\stm32f0xx_hal_timebase_tim.o
                0x200012d0                htim1
 COMMON         0x20001310      0x224 Src\usb_device.o
                0x20001310                hUsbDeviceFS
 COMMON         0x20001534      0x7d0 Src\usbd_cdc_if.o
                0x20001534                UserRxBufferFS
                0x2000191c                UserTxBufferFS
 COMMON         0x20001d04      0x220 Src\usbd_conf.o
                0x20001d04                hpcd_USB_FS
 COMMON         0x20001f24      0x200 Src\usbd_desc.o
                0x20001f24                USBD_StrDesc
 COMMON         0x20002124        0x4 c:/temp/__arm_tools/truestudio for stm32 9.1.0/armtools/bin/../lib/gcc/arm-atollic-eabi/6.3.1/../../../../arm-atollic-eabi/lib/armv6-m\libc_nano.a(lib_a-reent.o)
                0x20002124                errno
                0x20002128                . = ALIGN (0x4)
                0x20002128                _ebss = .
                0x20002128                __bss_end__ = _ebss

._user_heap_stack
                0x20002128      0x600 load address 0x0800b514
                0x20002128                . = ALIGN (0x4)
                0x20002128                PROVIDE (end, .)
                [!provide]                PROVIDE (_end, .)
                0x20002328                . = (. + _Min_Heap_Size)
 *fill*         0x20002128      0x200 
                0x20002728                . = (. + _Min_Stack_Size)
 *fill*         0x20002328      0x400 
                0x20002728                . = ALIGN (0x4)

/DISCARD/
 libc.a(*)
 libm.a(*)
 libgcc.a(*)

.ARM.attributes
                0x00000000       0x28
 *(.ARM.attributes)
 .ARM.attributes
                0x00000000       0x1e c:/temp/__arm_tools/truestudio for stm32 9.1.0/armtools/bin/../lib/gcc/arm-atollic-eabi/6.3.1/armv6-m/crti.o
 .ARM.attributes
                0x0000001e       0x2c c:/temp/__arm_tools/truestudio for stm32 9.1.0/armtools/bin/../lib/gcc/arm-atollic-eabi/6.3.1/armv6-m/crtbegin.o
 .ARM.attributes
                0x0000004a       0x31 Drivers\STM32F0xx_HAL_Driver\Src\stm32f0xx_hal.o
 .ARM.attributes
                0x0000007b       0x31 Drivers\STM32F0xx_HAL_Driver\Src\stm32f0xx_hal_can.o
 .ARM.attributes
                0x000000ac       0x31 Drivers\STM32F0xx_HAL_Driver\Src\stm32f0xx_hal_cortex.o
 .ARM.attributes
                0x000000dd       0x31 Drivers\STM32F0xx_HAL_Driver\Src\stm32f0xx_hal_gpio.o
 .ARM.attributes
                0x0000010e       0x31 Drivers\STM32F0xx_HAL_Driver\Src\stm32f0xx_hal_pcd.o
 .ARM.attributes
                0x0000013f       0x31 Drivers\STM32F0xx_HAL_Driver\Src\stm32f0xx_hal_pcd_ex.o
 .ARM.attributes
                0x00000170       0x31 Drivers\STM32F0xx_HAL_Driver\Src\stm32f0xx_hal_rcc.o
 .ARM.attributes
                0x000001a1       0x31 Drivers\STM32F0xx_HAL_Driver\Src\stm32f0xx_hal_rcc_ex.o
 .ARM.attributes
                0x000001d2       0x31 Drivers\STM32F0xx_HAL_Driver\Src\stm32f0xx_hal_tim.o
 .ARM.attributes
                0x00000203       0x31 Drivers\STM32F0xx_HAL_Driver\Src\stm32f0xx_hal_tim_ex.o
 .ARM.attributes
                0x00000234       0x31 Middlewares\ST\STM32_USB_Device_Library\Class\CDC\Src\usbd_cdc.o
 .ARM.attributes
                0x00000265       0x31 Middlewares\ST\STM32_USB_Device_Library\Core\Src\usbd_core.o
 .ARM.attributes
                0x00000296       0x31 Middlewares\ST\STM32_USB_Device_Library\Core\Src\usbd_ctlreq.o
 .ARM.attributes
                0x000002c7       0x31 Middlewares\ST\STM32_USB_Device_Library\Core\Src\usbd_ioreq.o
 .ARM.attributes
                0x000002f8       0x31 Middlewares\Third_Party\FreeRTOS\Source\CMSIS_RTOS\cmsis_os.o
 .ARM.attributes
                0x00000329       0x31 Middlewares\Third_Party\FreeRTOS\Source\list.o
 .ARM.attributes
                0x0000035a       0x31 Middlewares\Third_Party\FreeRTOS\Source\portable\GCC\ARM_CM0\port.o
 .ARM.attributes
                0x0000038b       0x31 Middlewares\Third_Party\FreeRTOS\Source\portable\MemMang\heap_4.o
 .ARM.attributes
                0x000003bc       0x31 Middlewares\Third_Party\FreeRTOS\Source\queue.o
 .ARM.attributes
                0x000003ed       0x31 Middlewares\Third_Party\FreeRTOS\Source\tasks.o
 .ARM.attributes
                0x0000041e       0x31 Src\main.o
 .ARM.attributes
                0x0000044f       0x31 Src\stm32f0xx_hal_msp.o
 .ARM.attributes
                0x00000480       0x31 Src\stm32f0xx_hal_timebase_tim.o
 .ARM.attributes
                0x000004b1       0x31 Src\stm32f0xx_it.o
 .ARM.attributes
                0x000004e2       0x31 Src\supportLib\cString.o
 .ARM.attributes
                0x00000513       0x31 Src\supportLib\control.o
 .ARM.attributes
                0x00000544       0x31 Src\system_stm32f0xx.o
 .ARM.attributes
                0x00000575       0x31 Src\usb_device.o
 .ARM.attributes
                0x000005a6       0x31 Src\usbd_cdc_if.o
 .ARM.attributes
                0x000005d7       0x31 Src\usbd_conf.o
 .ARM.attributes
                0x00000608       0x31 Src\usbd_desc.o
 .ARM.attributes
                0x00000639       0x21 startup\startup_stm32f072xb.o
 .ARM.attributes
                0x0000065a       0x2c c:/temp/__arm_tools/truestudio for stm32 9.1.0/armtools/bin/../lib/gcc/arm-atollic-eabi/6.3.1/../../../../arm-atollic-eabi/lib/armv6-m\libc_nano.a(lib_a-init.o)
 .ARM.attributes
                0x00000686       0x2c c:/temp/__arm_tools/truestudio for stm32 9.1.0/armtools/bin/../lib/gcc/arm-atollic-eabi/6.3.1/../../../../arm-atollic-eabi/lib/armv6-m\libc_nano.a(lib_a-memcpy-stub.o)
 .ARM.attributes
                0x000006b2       0x2c c:/temp/__arm_tools/truestudio for stm32 9.1.0/armtools/bin/../lib/gcc/arm-atollic-eabi/6.3.1/../../../../arm-atollic-eabi/lib/armv6-m\libc_nano.a(lib_a-memset.o)
 .ARM.attributes
                0x000006de       0x1c c:/temp/__arm_tools/truestudio for stm32 9.1.0/armtools/bin/../lib/gcc/arm-atollic-eabi/6.3.1/../../../../arm-atollic-eabi/lib/armv6-m\libc_nano.a(lib_a-strcmp.o)
 .ARM.attributes
                0x000006fa       0x1c c:/temp/__arm_tools/truestudio for stm32 9.1.0/armtools/bin/../lib/gcc/arm-atollic-eabi/6.3.1/../../../../arm-atollic-eabi/lib/armv6-m\libc_nano.a(lib_a-strlen.o)
 .ARM.attributes
                0x00000716       0x1e c:/temp/__arm_tools/truestudio for stm32 9.1.0/armtools/bin/../lib/gcc/arm-atollic-eabi/6.3.1/armv6-m\libgcc.a(_udivsi3.o)
 .ARM.attributes
                0x00000734       0x1e c:/temp/__arm_tools/truestudio for stm32 9.1.0/armtools/bin/../lib/gcc/arm-atollic-eabi/6.3.1/armv6-m\libgcc.a(_divsi3.o)
 .ARM.attributes
                0x00000752       0x1e c:/temp/__arm_tools/truestudio for stm32 9.1.0/armtools/bin/../lib/gcc/arm-atollic-eabi/6.3.1/armv6-m\libgcc.a(_dvmd_tls.o)
 .ARM.attributes
                0x00000770       0x1e c:/temp/__arm_tools/truestudio for stm32 9.1.0/armtools/bin/../lib/gcc/arm-atollic-eabi/6.3.1/armv6-m/crtn.o
OUTPUT(STM.elf elf32-littlearm)

.debug_info     0x00000000    0x262a3
 .debug_info    0x00000000      0xdf4 Drivers\STM32F0xx_HAL_Driver\Src\stm32f0xx_hal.o
 .debug_info    0x00000df4     0x12d8 Drivers\STM32F0xx_HAL_Driver\Src\stm32f0xx_hal_can.o
 .debug_info    0x000020cc      0xf3b Drivers\STM32F0xx_HAL_Driver\Src\stm32f0xx_hal_cortex.o
 .debug_info    0x00003007      0xe52 Drivers\STM32F0xx_HAL_Driver\Src\stm32f0xx_hal_gpio.o
 .debug_info    0x00003e59     0x1951 Drivers\STM32F0xx_HAL_Driver\Src\stm32f0xx_hal_pcd.o
 .debug_info    0x000057aa      0xda8 Drivers\STM32F0xx_HAL_Driver\Src\stm32f0xx_hal_pcd_ex.o
 .debug_info    0x00006552      0xfa9 Drivers\STM32F0xx_HAL_Driver\Src\stm32f0xx_hal_rcc.o
 .debug_info    0x000074fb      0xe35 Drivers\STM32F0xx_HAL_Driver\Src\stm32f0xx_hal_rcc_ex.o
 .debug_info    0x00008330     0x2a93 Drivers\STM32F0xx_HAL_Driver\Src\stm32f0xx_hal_tim.o
 .debug_info    0x0000adc3     0x183f Drivers\STM32F0xx_HAL_Driver\Src\stm32f0xx_hal_tim_ex.o
 .debug_info    0x0000c602     0x12a1 Middlewares\ST\STM32_USB_Device_Library\Class\CDC\Src\usbd_cdc.o
 .debug_info    0x0000d8a3     0x1143 Middlewares\ST\STM32_USB_Device_Library\Core\Src\usbd_core.o
 .debug_info    0x0000e9e6     0x10a4 Middlewares\ST\STM32_USB_Device_Library\Core\Src\usbd_ctlreq.o
 .debug_info    0x0000fa8a      0xea4 Middlewares\ST\STM32_USB_Device_Library\Core\Src\usbd_ioreq.o
 .debug_info    0x0001092e     0x1a68 Middlewares\Third_Party\FreeRTOS\Source\CMSIS_RTOS\cmsis_os.o
 .debug_info    0x00012396      0xac3 Middlewares\Third_Party\FreeRTOS\Source\list.o
 .debug_info    0x00012e59      0x258 Middlewares\Third_Party\FreeRTOS\Source\portable\GCC\ARM_CM0\port.o
 .debug_info    0x000130b1      0xb1c Middlewares\Third_Party\FreeRTOS\Source\portable\MemMang\heap_4.o
 .debug_info    0x00013bcd     0x1454 Middlewares\Third_Party\FreeRTOS\Source\queue.o
 .debug_info    0x00015021     0x1a49 Middlewares\Third_Party\FreeRTOS\Source\tasks.o
 .debug_info    0x00016a6a     0x2115 Src\main.o
 .debug_info    0x00018b7f     0x1171 Src\stm32f0xx_hal_msp.o
 .debug_info    0x00019cf0     0x1060 Src\stm32f0xx_hal_timebase_tim.o
 .debug_info    0x0001ad50     0x11c4 Src\stm32f0xx_it.o
 .debug_info    0x0001bf14     0x1a4c Src\supportLib\cString.o
 .debug_info    0x0001d960     0x3936 Src\supportLib\control.o
 .debug_info    0x00021296      0xa63 Src\system_stm32f0xx.o
 .debug_info    0x00021cf9      0xdcd Src\usb_device.o
 .debug_info    0x00022ac6     0x1005 Src\usbd_cdc_if.o
 .debug_info    0x00023acb     0x1b6d Src\usbd_conf.o
 .debug_info    0x00025638      0xbe2 Src\usbd_desc.o
 .debug_info    0x0002621a       0x89 startup\startup_stm32f072xb.o

.debug_abbrev   0x00000000     0x4d3d
 .debug_abbrev  0x00000000      0x266 Drivers\STM32F0xx_HAL_Driver\Src\stm32f0xx_hal.o
 .debug_abbrev  0x00000266      0x279 Drivers\STM32F0xx_HAL_Driver\Src\stm32f0xx_hal_can.o
 .debug_abbrev  0x000004df      0x30f Drivers\STM32F0xx_HAL_Driver\Src\stm32f0xx_hal_cortex.o
 .debug_abbrev  0x000007ee      0x24c Drivers\STM32F0xx_HAL_Driver\Src\stm32f0xx_hal_gpio.o
 .debug_abbrev  0x00000a3a      0x2e5 Drivers\STM32F0xx_HAL_Driver\Src\stm32f0xx_hal_pcd.o
 .debug_abbrev  0x00000d1f      0x1cc Drivers\STM32F0xx_HAL_Driver\Src\stm32f0xx_hal_pcd_ex.o
 .debug_abbrev  0x00000eeb      0x281 Drivers\STM32F0xx_HAL_Driver\Src\stm32f0xx_hal_rcc.o
 .debug_abbrev  0x0000116c      0x255 Drivers\STM32F0xx_HAL_Driver\Src\stm32f0xx_hal_rcc_ex.o
 .debug_abbrev  0x000013c1      0x2ab Drivers\STM32F0xx_HAL_Driver\Src\stm32f0xx_hal_tim.o
 .debug_abbrev  0x0000166c      0x288 Drivers\STM32F0xx_HAL_Driver\Src\stm32f0xx_hal_tim_ex.o
 .debug_abbrev  0x000018f4      0x28c Middlewares\ST\STM32_USB_Device_Library\Class\CDC\Src\usbd_cdc.o
 .debug_abbrev  0x00001b80      0x255 Middlewares\ST\STM32_USB_Device_Library\Core\Src\usbd_core.o
 .debug_abbrev  0x00001dd5      0x285 Middlewares\ST\STM32_USB_Device_Library\Core\Src\usbd_ctlreq.o
 .debug_abbrev  0x0000205a      0x1c5 Middlewares\ST\STM32_USB_Device_Library\Core\Src\usbd_ioreq.o
 .debug_abbrev  0x0000221f      0x30f Middlewares\Third_Party\FreeRTOS\Source\CMSIS_RTOS\cmsis_os.o
 .debug_abbrev  0x0000252e      0x1c5 Middlewares\Third_Party\FreeRTOS\Source\list.o
 .debug_abbrev  0x000026f3      0x184 Middlewares\Third_Party\FreeRTOS\Source\portable\GCC\ARM_CM0\port.o
 .debug_abbrev  0x00002877      0x23a Middlewares\Third_Party\FreeRTOS\Source\portable\MemMang\heap_4.o
 .debug_abbrev  0x00002ab1      0x26f Middlewares\Third_Party\FreeRTOS\Source\queue.o
 .debug_abbrev  0x00002d20      0x2d9 Middlewares\Third_Party\FreeRTOS\Source\tasks.o
 .debug_abbrev  0x00002ff9      0x400 Src\main.o
 .debug_abbrev  0x000033f9      0x20e Src\stm32f0xx_hal_msp.o
 .debug_abbrev  0x00003607      0x207 Src\stm32f0xx_hal_timebase_tim.o
 .debug_abbrev  0x0000380e      0x1d1 Src\stm32f0xx_it.o
 .debug_abbrev  0x000039df      0x37f Src\supportLib\cString.o
 .debug_abbrev  0x00003d5e      0x51b Src\supportLib\control.o
 .debug_abbrev  0x00004279      0x1ca Src\system_stm32f0xx.o
 .debug_abbrev  0x00004443      0x1a3 Src\usb_device.o
 .debug_abbrev  0x000045e6      0x27a Src\usbd_cdc_if.o
 .debug_abbrev  0x00004860      0x2c3 Src\usbd_conf.o
 .debug_abbrev  0x00004b23      0x208 Src\usbd_desc.o
 .debug_abbrev  0x00004d2b       0x12 startup\startup_stm32f072xb.o

.debug_aranges  0x00000000     0x16b8
 .debug_aranges
                0x00000000       0xb8 Drivers\STM32F0xx_HAL_Driver\Src\stm32f0xx_hal.o
 .debug_aranges
                0x000000b8       0xb0 Drivers\STM32F0xx_HAL_Driver\Src\stm32f0xx_hal_can.o
 .debug_aranges
                0x00000168       0xc0 Drivers\STM32F0xx_HAL_Driver\Src\stm32f0xx_hal_cortex.o
 .debug_aranges
                0x00000228       0x58 Drivers\STM32F0xx_HAL_Driver\Src\stm32f0xx_hal_gpio.o
 .debug_aranges
                0x00000280      0x130 Drivers\STM32F0xx_HAL_Driver\Src\stm32f0xx_hal_pcd.o
 .debug_aranges
                0x000003b0       0x20 Drivers\STM32F0xx_HAL_Driver\Src\stm32f0xx_hal_pcd_ex.o
 .debug_aranges
                0x000003d0       0x80 Drivers\STM32F0xx_HAL_Driver\Src\stm32f0xx_hal_rcc.o
 .debug_aranges
                0x00000450       0x78 Drivers\STM32F0xx_HAL_Driver\Src\stm32f0xx_hal_rcc_ex.o
 .debug_aranges
                0x000004c8      0x378 Drivers\STM32F0xx_HAL_Driver\Src\stm32f0xx_hal_tim.o
 .debug_aranges
                0x00000840      0x148 Drivers\STM32F0xx_HAL_Driver\Src\stm32f0xx_hal_tim_ex.o
 .debug_aranges
                0x00000988       0x90 Middlewares\ST\STM32_USB_Device_Library\Class\CDC\Src\usbd_cdc.o
 .debug_aranges
                0x00000a18       0xb8 Middlewares\ST\STM32_USB_Device_Library\Core\Src\usbd_core.o
 .debug_aranges
                0x00000ad0       0x88 Middlewares\ST\STM32_USB_Device_Library\Core\Src\usbd_ctlreq.o
 .debug_aranges
                0x00000b58       0x50 Middlewares\ST\STM32_USB_Device_Library\Core\Src\usbd_ioreq.o
 .debug_aranges
                0x00000ba8      0x1d8 Middlewares\Third_Party\FreeRTOS\Source\CMSIS_RTOS\cmsis_os.o
 .debug_aranges
                0x00000d80       0x40 Middlewares\Third_Party\FreeRTOS\Source\list.o
 .debug_aranges
                0x00000dc0       0x88 Middlewares\Third_Party\FreeRTOS\Source\portable\GCC\ARM_CM0\port.o
 .debug_aranges
                0x00000e48       0x50 Middlewares\Third_Party\FreeRTOS\Source\portable\MemMang\heap_4.o
 .debug_aranges
                0x00000e98       0xe0 Middlewares\Third_Party\FreeRTOS\Source\queue.o
 .debug_aranges
                0x00000f78      0x190 Middlewares\Third_Party\FreeRTOS\Source\tasks.o
 .debug_aranges
                0x00001108       0x58 Src\main.o
 .debug_aranges
                0x00001160       0x30 Src\stm32f0xx_hal_msp.o
 .debug_aranges
                0x00001190       0x30 Src\stm32f0xx_hal_timebase_tim.o
 .debug_aranges
                0x000011c0       0x38 Src\stm32f0xx_it.o
 .debug_aranges
                0x000011f8       0xf0 Src\supportLib\cString.o
 .debug_aranges
                0x000012e8      0x1b8 Src\supportLib\control.o
 .debug_aranges
                0x000014a0       0x28 Src\system_stm32f0xx.o
 .debug_aranges
                0x000014c8       0x20 Src\usb_device.o
 .debug_aranges
                0x000014e8       0x40 Src\usbd_cdc_if.o